[ecura.ie/index.html]
[backblue.gif]
[fade.gif]
[index.html]
[ecura.ie/wp-content/plugins/gutenberg/build/block-library/style0cb7.css]
[ecura.ie/wp-content/plugins/gutenberg/build/block-library/theme0cb7.css]
[ecura.ie/feed/index.html]
[ecura.ie/wp-content/themes/business-carter/assets/css/all.min1849.css]
[ecura.ie/wp-content/themes/business-carter/assets/css/slick-theme.min7db6.css]
[ecura.ie/wp-content/themes/business-carter/assets/css/slick.minb9d8.css]
[ecura.ie/wp-content/themes/business-carter/assets/css/blocks.min9704.css]
[ecura.ie/comments/feed/index.html]
[ecura.ie/wp-content/themes/business-carter/style9704.css]
[ecura.ie/wp-content/plugins/tablepress/css/build/default41fe.css]
[ecura.ie/wp-includes/js/jquery/jquery.minf43b.js]
[ecura.ie/wp-includes/js/jquery/jquery-migrate.min5589.js]
[ecura.ie/wp-json/index.html]
[ecura.ie/wp-json/wp/v2/pages/98.json]
[ecura.ie/wp-json/oembed/1.0/embed682d.json]
[ecura.ie/wp-json/oembed/1.0/embede9ed]
[ecura.ie/wp-content/uploads/2022/12/cropped-ecura-logo-7-1.jpg]
[ecura.ie/wp-content/uploads/2022/12/logo-1-3.jpg]
[ecura.ie/naxi-musical-landscape/index.html]
[ecura.ie/hani-musical-landscape/index.html]
[ecura.ie/musical-landscapes-in-yunnan/index.html]
[ecura.ie/yi-musical-landscape/index.html]
[ecura.ie/pumi-musical-landscape/index.html]
[ecura.ie/lisu-musical-landscape/index.html]
[ecura.ie/wp-content/uploads/2023/12/Screenshot-2023-12-14-at-16.23.26.png]
[ecura.ie/community-engagement-output/index.html]
[ecura.ie/miao-musical-landscape/index.html]
[ecura.ie/wp-content/uploads/2022/11/Click-Download-PNG.png]
[ecura.ie/yi-2/index.html]
[ecura.ie/wp-content/uploads/2022/12/ecura.mp4]
[ecura.ie/bai/index.html]
[ecura.ie/xiaoshuijing-village/index.html]
[ecura.ie/wp-content/uploads/2024/02/IMG_0427.jpg]
[ecura.ie/collaborative-projects/index.html]
[ecura.ie/wp-content/uploads/2024/03/giphynews.gif]
[ecura.ie/yi-community-engagement-output/index.html]
[ecura.ie/wp-content/uploads/2024/02/IMG_0426.png]
[ecura.ie/bai-community-engagement-output/index.html]
[ecura.ie/wp-content/uploads/2024/02/IMG_0428.png]
[ecura.ie/miao-community-engagement-output/index.html]
[ecura.ie/wp-content/uploads/2024/02/xiaohai-new-village4.jpg]
[ecura.ie/database-of-ethnic-minority-languages/index.html]
[ecura.ie/wp-content/uploads/2022/12/Lijuan-Qian-photo-scaled-e1696888045622.jpg]
[ecura.ie/literatures-and-references/index.html]
[ecura.ie/wp-content/uploads/2023/10/WechatIMG927-e1697144726822.jpg]
[ecura.ie/digital-application-and-online-data/index.html]
[ecura.ie/wp-content/uploads/2023/10/Weixin-Image_20231006001747-e1696887863732.jpg]
[ecura.ie/meige-based-yi-corpus/index.html]
[ecura.ie/wp-content/uploads/2022/12/Leo-2-1-e1696888533716.jpg]
[ecura.ie/wp-content/uploads/2023/01/1673033646875-scaled-e1696888089682.jpg]
[ecura.ie/bai-multilingual-parallel-corpus/index.html]
[ecura.ie/intellectual-property-and-copyright-2/index.html]
[ecura.ie/wp-content/uploads/2024/02/b5b2192f3ua204ed67aecc27db1af669-scaled-e1707683427664.jpg]
[ecura.ie/description-of-the-action/index.html]
[ecura.ie/wp-content/uploads/2023/12/WechatIMG1077-1.jpg]
[ecura.ie/meige-performances-on-chinas-tv-programs/index.html]
[ecura.ie/wp-content/uploads/2023/12/WechatIMG1078.jpg]
[ecura.ie/bai-cultural-revival-activities/index.html]
[ecura.ie/wp-content/uploads/2024/01/WechatIMG1123.jpg]
[ecura.ie/wp-content/uploads/2024/01/WechatIMG1121.jpg]
[ecura.ie/xiaohai-new-village/index.html]
[ecura.ie/wp-content/uploads/2023/12/Jifan-Yang-1.jpg]
[ecura.ie/dr-jin-dai/index.html]
[ecura.ie/wp-content/uploads/2024/02/IMG_0409.jpg]
[ecura.ie/keyi-liu/index.html]
[ecura.ie/wp-content/uploads/2024/02/IMG_0407.jpg]
[ecura.ie/xiaoyao-liu/index.html]
[ecura.ie/wp-content/uploads/2023/11/WechatIMG1038.jpg]
[ecura.ie/yalun-yang/index.html]
[ecura.ie/wp-content/uploads/2023/11/WechatIMG1035.jpg]
[ecura.ie/wp-content/uploads/2023/11/WechatIMG1033.jpg]
[ecura.ie/wp-content/uploads/2023/11/WechatIMG1039.jpg]
[ecura.ie/wp-content/uploads/2023/11/张军平MG1054.jpg]
[ecura.ie/wp-content/uploads/2023/11/w_rms_blob_common.download_photo-2-1.jpg]
[ecura.ie/wp-content/uploads/2023/11/Ronan-tIMG1055.jpg]
[ecura.ie/wp-content/uploads/2024/08/WechatIMG2017-1.jpg]
[ecura.ie/wp-content/uploads/2022/12/logos-1024x357.jpg]
[ecura.ie/wp-content/uploads/2022/11/ucc_logo_transparent.png]
[ecura.ie/wp-content/themes/business-carter/assets/js/slick.min4b6f.js]
[ecura.ie/2024/08/29/collaborative-communities/index.html]
[ecura.ie/2022/12/03/ecura-research-project-part-2/index.html]
[ecura.ie/wp-content/themes/business-carter/assets/js/navigation.min4a7d.js]
[ecura.ie/2022/11/11/ecura1/index.html]
[ecura.ie/2024/08/index.html]
[ecura.ie/2022/12/index.html]
[ecura.ie/2022/11/index.html]
[ecura.ie/category/uncategorized/index.html]
[ecura.ie/wp-content/themes/business-carter/assets/js/skip-link-focus-fix.min4a7d.js]
[ecura.ie/index.html]
[ecura.ie/wp-content/plugins/gutenberg/build/block-library/style0cb7.css]
[ecura.ie/wp-content/plugins/gutenberg/build/block-library/theme0cb7.css]
[ecura.ie/wp-content/themes/business-carter/assets/js/custom.min4a7d.js]
[ecura.ie/wp-content/themes/business-carter/assets/webfonts/fa-brands-400.eot]
[ecura.ie/wp-content/themes/business-carter/assets/webfonts/fa-brands-400d41d.eot]
[ecura.ie/wp-content/themes/business-carter/assets/webfonts/fa-brands-400.woff2]
[ecura.ie/wp-content/themes/business-carter/assets/webfonts/fa-brands-400.woff]
[ecura.ie/wp-content/themes/business-carter/assets/webfonts/fa-brands-400.ttf]
[ecura.ie/wp-content/themes/business-carter/assets/webfonts/fa-brands-400.svg]
[ecura.ie/wp-content/themes/business-carter/assets/webfonts/fa-regular-400.eot]
[ecura.ie/wp-content/themes/business-carter/assets/webfonts/fa-regular-400d41d.eot]
[ecura.ie/wp-content/themes/business-carter/assets/webfonts/fa-regular-400.woff2]
[ecura.ie/wp-content/themes/business-carter/assets/webfonts/fa-regular-400.woff]
[ecura.ie/wp-content/themes/business-carter/assets/webfonts/fa-regular-400.ttf]
[ecura.ie/wp-content/themes/business-carter/assets/webfonts/fa-regular-400.svg]
[ecura.ie/wp-content/themes/business-carter/assets/webfonts/fa-solid-900.eot]
[ecura.ie/wp-content/themes/business-carter/assets/webfonts/fa-solid-900d41d.eot]
[ecura.ie/wp-content/themes/business-carter/assets/webfonts/fa-solid-900.woff2]
[ecura.ie/wp-content/themes/business-carter/assets/webfonts/fa-solid-900.woff]
[ecura.ie/wp-content/themes/business-carter/assets/webfonts/fa-solid-900.ttf]
[ecura.ie/wp-content/themes/business-carter/assets/webfonts/fa-solid-900.svg]
[ecura.ie/wp-content/themes/business-carter/assets/css/all.min1849.css]
[ecura.ie/wp-content/themes/business-carter/assets/fonts/ajax-loader.gif]
[ecura.ie/wp-content/themes/business-carter/assets/fonts/slick.eot]
[ecura.ie/wp-content/themes/business-carter/assets/fonts/slickd41d.eot]
[ecura.ie/wp-content/themes/business-carter/assets/fonts/slick.woff]
[ecura.ie/wp-content/themes/business-carter/assets/fonts/slick.ttf]
[ecura.ie/wp-content/themes/business-carter/assets/css/slick-theme.min7db6.css]
[ecura.ie/wp-content/themes/business-carter/assets/fonts/slick.svg]
[ecura.ie/wp-content/themes/business-carter/assets/css/slick.minb9d8.css]
[ecura.ie/wp-content/themes/business-carter/assets/css/blocks.min9704.css]
[ecura.ie/wp-content/themes/business-carter/style9704.css]
[ecura.ie/wp-content/plugins/tablepress/css/build/default41fe.css]
[ecura.ie/xmlrpc0db0.html]
[ecura.ie/wp-json/wp/v2/pages/638.json]
[ecura.ie/wp-json/oembed/1.0/embed7a34.json]
[ecura.ie/wp-json/oembed/1.0/embed7592]
[ecura.ie/wp-content/uploads/2022/12/the-geographical-scene-of-Yunnan-1.jpg]
[ecura.ie/wp-content/uploads/2024/09/Hani-musician-from-Jinhe-county-1024x768.jpg]
[ecura.ie/wp-content/uploads/2024/09/image-1-1024x745.png]
[ecura.ie/wp-content/uploads/2024/09/image-2-1024x629.png]
[ecura.ie/wp-content/uploads/2024/09/image-3.png]
[ecura.ie/wp-content/uploads/2024/09/image-4-1024x608.png]
[ecura.ie/wp-content/uploads/2024/09/image-5-1024x713.png]
[ecura.ie/wp-content/uploads/2024/09/image-6-1024x677.png]
[ecura.ie/musical-landscapes-in-yunnan/index.html]
[ecura.ie/other-musical-landscape/index.html]
[ecura.ie/wp-json/wp/v2/pages/3207.json]
[ecura.ie/wp-json/oembed/1.0/embedc6fe.json]
[ecura.ie/wp-json/oembed/1.0/embedc23a]
[ecura.ie/wp-content/uploads/2022/12/Honghe-county-4-string-lute-made-by-Wu-Zhiming-1-768x1024.jpg]
[ecura.ie/wp-content/uploads/2022/12/Fig.-13-1024x768.jpg]
[ecura.ie/wp-content/uploads/2022/12/‘Hani-folk-tune-Chen-Xialing.mp4]
[ecura.ie/wp-content/uploads/2022/12/Hani-women-singing-love-song-Qidieshangzhai.qt]
[ecura.ie/wp-content/uploads/2022/12/local-people-singing-in-the-terraced-fields.qt]
[ecura.ie/wp-content/uploads/2022/12/Hani-musician-singing-marriage-song-Jinhe-county.mp4]
[ecura.ie/wp-content/uploads/2022/12/Hani-song-Offer-Sacrifices-to-the-Ancestor-of-tree.mp4]
[ecura.ie/hani-musical-landscape/index.html]
[ecura.ie/wp-json/wp/v2/pages/3215.json]
[ecura.ie/wp-json/oembed/1.0/embed5eb4.json]
[ecura.ie/wp-json/oembed/1.0/embed19f5]
[ecura.ie/wp-content/uploads/2022/12/Ex.-18-‘Ba-gua-4.mp4]
[ecura.ie/wp-content/uploads/2022/12/Ex.-17-‘Naxi-Marriage-Song.qt]
[ecura.ie/wp-content/uploads/2022/12/Naxi_musician_He_Yueyuan_AdobeExpress.mp4]
[ecura.ie/wp-content/uploads/2022/12/Naxi-hulusheng-player.mp4]
[ecura.ie/naxi-musical-landscape/index.html]
[ecura.ie/wp-json/wp/v2/pages/4031.json]
[ecura.ie/wp-json/oembed/1.0/embed.6816f3.delayed]
[ecura.ie/wp-json/oembed/1.0/embed45c3]
[ecura.ie/wp-content/uploads/2022/12/Yang-Feng-revised.mp4]
[ecura.ie/wp-content/uploads/2023/11/Yi-musician-Wang-Liliang-playing-Xixian.qt]
[ecura.ie/wp-content/uploads/2022/12/Yi_musicians_from_Chegu_performing_drum_dance_AdobeExpress.mp4]
[ecura.ie/yi-musical-landscape/index.html]
[ecura.ie/wp-json/wp/v2/pages/3220.json]
[ecura.ie/wp-json/oembed/1.0/embed4f77.json]
[ecura.ie/wp-json/oembed/1.0/embed04e5]
[ecura.ie/wp-content/uploads/2022/12/Pumi-Li-Haishu-playing-Sixian-1.jpg]
[ecura.ie/wp-content/uploads/2022/12/pumi-768x1024.jpg]
[ecura.ie/wp-content/uploads/2022/12/Pumi-Li-Haishu-from-Lanping-playing-Xifan-tune-with-a-leaf.qt]
[ecura.ie/wp-content/uploads/2022/12/Pumi1-524x1024.jpg]
[ecura.ie/wp-content/uploads/2022/12/李海术-西蕃调.mp3]
[ecura.ie/pumi-musical-landscape/index.html]
[ecura.ie/wp-json/wp/v2/pages/3223.json]
[ecura.ie/wp-json/oembed/1.0/embedfbce.json]
[ecura.ie/wp-json/oembed/1.0/embed17da]
[ecura.ie/wp-content/uploads/2024/04/IMG_1279.qt]
[ecura.ie/wp-content/uploads/2024/04/IMG_1498.mp4]
[ecura.ie/wp-content/uploads/2024/04/傈僳族口弦-打谷子调-in-Lijiang.qt]
[ecura.ie/wp-content/uploads/2024/04/傈僳族婚嫁调对唱in-Lijiang.mp4]
[ecura.ie/lisu-musical-landscape/index.html]
[ecura.ie/wp-json/wp/v2/pages/4016.json]
[ecura.ie/wp-json/oembed/1.0/embed27c3.json]
[ecura.ie/wp-json/oembed/1.0/embed99e9]
[ecura.ie/wp-content/uploads/2024/09/罗绍才-芦笙舞-1.mp4]
[ecura.ie/wp-content/uploads/2024/09/罗基堂-迁徙歌.mp4]
[ecura.ie/wp-content/uploads/2024/09/王志花-阿卯情歌.mp4]
[ecura.ie/wp-content/uploads/2024/09/王志花-迁徙之歌.mp4]
[ecura.ie/miao-musical-landscape/index.html]
[ecura.ie/wp-json/wp/v2/pages/3121.json]
[ecura.ie/wp-json/oembed/1.0/embed3680.json]
[ecura.ie/wp-json/oembed/1.0/embedd542]
[ecura.ie/community-engagement-output/index.html]
[ecura.ie/wp-json/wp/v2/pages/48.json]
[ecura.ie/wp-json/oembed/1.0/embed39d1.json]
[ecura.ie/wp-json/oembed/1.0/embedacb7]
[ecura.ie/wp-content/uploads/2022/12/Yi-writing-min-1024x1024.jpg]
[ecura.ie/wp-content/uploads/2022/12/Mayou-village-1-min-1-1024x768.jpg]
[ecura.ie/wp-content/uploads/2023/10/WechatIMG937-1024x768.jpg]
[ecura.ie/wp-content/uploads/2024/05/梅葛恋歌.mp4]
[ecura.ie/wp-content/uploads/2023/11/WechatIMG1042-905x1024.jpg]
[ecura.ie/wp-content/uploads/2024/02/IMG_0398-768x1024.jpg]
[ecura.ie/wp-content/uploads/2023/10/WechatIMG933-1024x768.jpg]
[ecura.ie/wp-content/uploads/2023/10/inauguration-Lijuan-and-Bai-Xingfa-1-1024x690.jpg]
[ecura.ie/wp-content/uploads/2023/10/inauguration-whole-group-4-1024x640.jpg]
[ecura.ie/wp-content/uploads/2024/07/WechatIMG1728-1024x768.jpg]
[ecura.ie/wp-content/uploads/2024/07/WechatIMG1730-1024x576.jpg]
[ecura.ie/wp-content/uploads/2024/07/分发糖-2024-07-07-14.16.37-1.mp4]
[ecura.ie/wp-content/uploads/2024/07/晶仔-2024-07-07-12.03.44.mp4]
[ecura.ie/wp-content/uploads/2024/07/晶仔-2024-07-07-12.06.22.mp4]
[ecura.ie/wp-content/uploads/2024/08/56edccb8a05215dd1e25be9fb2f6c522-1024x768.jpg]
[ecura.ie/wp-content/uploads/2024/08/a904bbb3740230f5581e0740ff253635-768x1024.jpg]
[ecura.ie/wp-content/uploads/2024/08/WechatIMG1803-1024x768.jpg]
[ecura.ie/wp-content/uploads/2024/10/image-1024x576.jpg]
[ecura.ie/wp-content/uploads/2024/10/一起来跳脚_202410250758.mp4]
[ecura.ie/wp-content/uploads/2022/12/Mayou-village-Meige-singing.mp4]
[ecura.ie/wp-content/uploads/2022/12/Mayou-Hulusheng-performance.qt]
[ecura.ie/wp-content/uploads/2024/01/罗文辉-梅葛-情歌-1.mp4]
[ecura.ie/wp-content/uploads/2022/12/郭自林教授葫芦笙_MOV_AdobeExpress.mp4]
[ecura.ie/wp-content/uploads/2023/04/敲土垡.qt]
[ecura.ie/wp-content/uploads/2023/02/Guo-Xiaowei-was-teaching-hulusheng-with-4-students-from-Mayou-Village.mp4]
[ecura.ie/yi-2/index.html]
[ecura.ie/wp-json/wp/v2/pages/45.json]
[ecura.ie/wp-json/oembed/1.0/embedf92f.json]
[ecura.ie/wp-json/oembed/1.0/embedc136]
[ecura.ie/wp-content/uploads/2022/12/IMG_0594-min-768x1024.jpg]
[ecura.ie/wp-content/uploads/2022/12/Qifeng-Harvest-Fesitval-2018-Oct-ep1-reduced.mp4]
[ecura.ie/wp-content/uploads/2023/12/Qifeng-Fieldwork-20172023.mp4]
[ecura.ie/wp-content/uploads/2023/10/白族调对唱三弦琴伴奏.mp4]
[ecura.ie/wp-content/uploads/2024/03/杨吉繁演唱白族调泥鳅调-2023年9月12日.qt]
[ecura.ie/wp-content/uploads/2023/10/丰收节霸王鞭舞.mp4]
[ecura.ie/wp-content/uploads/2023/10/WechatIMG947-768x1024.jpg]
[ecura.ie/wp-content/uploads/2023/10/WechatIMG949-1024x768.jpg]
[ecura.ie/wp-content/uploads/2023/10/WechatIMG948-768x1024.jpg]
[ecura.ie/wp-content/uploads/2023/12/Keyi-Wang-Bingcui-and-Zhang-Zhongming-1024x788.jpg]
[ecura.ie/wp-content/uploads/2023/12/ca0e5729f8c896651e3111ee7c17e152-1024x683.jpg]
[ecura.ie/wp-content/uploads/2024/08/image-6.png]
[ecura.ie/wp-content/uploads/2023/12/group-photo-of-Keyi-community-leaders-and-reresentative-villagers-1024x768.jpg]
[ecura.ie/wp-content/uploads/2024/05/130_raw-1-1.mp4]
[ecura.ie/wp-content/uploads/2024/08/image-7.png]
[ecura.ie/wp-content/uploads/2024/08/image-8.png]
[ecura.ie/bai/index.html]
[ecura.ie/wp-json/wp/v2/pages/2838.json]
[ecura.ie/wp-json/oembed/1.0/embedce9e.json]
[ecura.ie/wp-json/oembed/1.0/embed14bd]
[ecura.ie/wp-content/uploads/2024/10/image-1024x768.png]
[ecura.ie/wp-content/uploads/2024/10/image-1.png]
[ecura.ie/xiaoshuijing-village/index.html]
[ecura.ie/xiaoshuijing-village-2/index.html]
[ecura.ie/wp-json/wp/v2/pages/3906.json]
[ecura.ie/wp-json/oembed/1.0/embedd895.json]
[ecura.ie/wp-json/oembed/1.0/embed48dd]
[ecura.ie/wp-content/uploads/2024/08/6df4fd497b5e4fb32eaadcf152bb29ab-1024x576.jpg]
[ecura.ie/wp-content/uploads/2024/08/Weixin-Image_20240830214004-1-1024x724.jpg]
[ecura.ie/wp-content/uploads/2024/08/02c1c18d029bfae11b1332826b6d3455-1024x576.jpg]
[ecura.ie/collaborative-projects/index.html]
[ecura.ie/wp-json/wp/v2/pages/3109.json]
[ecura.ie/wp-json/oembed/1.0/embed0b03.json]
[ecura.ie/wp-json/oembed/1.0/embed7481]
[ecura.ie/wp-content/uploads/2024/05/The-Abridged-Version-of-the-Yi-Meige-Epic-selected-chapters.pdf]
[ecura.ie/wp-content/uploads/2024/05/English-translation-of-Meige-Epic-Selected-Chapters-2.pdf]
[ecura.ie/wp-content/uploads/2024/05/Wa-Mu-la.mp4]
[ecura.ie/wp-content/uploads/2024/05/15.挖木啦-2-1.mp4]
[ecura.ie/wp-content/uploads/2024/05/挖木啦-1-724x1024.png]
[ecura.ie/wp-content/uploads/2024/05/Hide-and-Seek-Yi-Meige-children-song-1.mp4]
[ecura.ie/wp-content/uploads/2024/05/3.捉迷藏-1.mp4]
[ecura.ie/wp-content/uploads/2024/05/Hide-and-Seek-1-1-724x1024.png]
[ecura.ie/wp-content/uploads/2024/05/1587.mp4]
[ecura.ie/wp-content/uploads/2024/05/16.小蜜蜂你真辛苦.mp4]
[ecura.ie/wp-content/uploads/2024/05/Little-Bee-You-Work-Hard-724x1024.png]
[ecura.ie/wp-content/uploads/2024/07/梅葛学习班-老鹰捉小鸡.mp4]
[ecura.ie/wp-content/uploads/2024/07/7.老鹰捉小鸡-1.mp4]
[ecura.ie/wp-content/uploads/2024/07/WechatIMG1748-726x1024.jpg]
[ecura.ie/wp-content/uploads/2024/09/下雨调的课堂新的.mp4]
[ecura.ie/wp-content/uploads/2024/09/下雨调.mp4]
[ecura.ie/wp-content/uploads/2024/09/The-Tune-of-Rain.jpg]
[ecura.ie/wp-content/uploads/2024/08/image-41.png]
[ecura.ie/wp-content/uploads/2024/08/开天辟地问答-1-1.mp4]
[ecura.ie/wp-content/uploads/2024/08/IMG_2695-731x1024.jpg]
[ecura.ie/wp-content/uploads/2024/08/The-music-sheet-of-‘Creating-the-Sky-and-the-Earth-The-Answer‘-1.pdf]
[ecura.ie/wp-content/plugins/gutenberg/build-module/block-library/file/view.minc9d0.js]
[ecura.ie/wp-content/plugins/gutenberg/build-module/interactivity/index.min83b9.js]
[ecura.ie/yi-community-engagement-output/index.html]
[ecura.ie/wp-json/wp/v2/pages/3113.json]
[ecura.ie/wp-json/oembed/1.0/embeda931.json]
[ecura.ie/wp-json/oembed/1.0/embede26c]
[ecura.ie/wp-content/uploads/2024/03/6_raw.mp4]
[ecura.ie/wp-content/uploads/2024/03/7_raw-3.mp4]
[ecura.ie/wp-content/uploads/2024/04/起凤村2024年春节迎接本土神.mp4]
[ecura.ie/wp-content/uploads/2024/03/322_raw.mp4]
[ecura.ie/wp-content/uploads/2024/03/40_raw.mp4]
[ecura.ie/wp-content/uploads/2024/03/群体轮流对唱-1.mp4]
[ecura.ie/wp-content/uploads/2024/03/日常音乐活动.mp4]
[ecura.ie/wp-content/uploads/2024/04/张卓琳自弹自唱白族西山调.mp4]
[ecura.ie/wp-content/uploads/2024/04/IMG_9468.qt]
[ecura.ie/wp-content/uploads/2024/04/杨吉繁演唱当地的一字腔.qt]
[ecura.ie/wp-content/uploads/2024/04/村民杨吉繁演唱云南滇剧中的倒板.qt]
[ecura.ie/wp-content/uploads/2024/04/134_raw.mp4]
[ecura.ie/wp-content/uploads/2024/03/起凤灵鹫寺.mp4]
[ecura.ie/wp-content/uploads/2024/03/起凤宗教吟唱.mp4]
[ecura.ie/bai-community-engagement-output/index.html]
[ecura.ie/wp-json/wp/v2/pages/3118.json]
[ecura.ie/wp-json/oembed/1.0/embed8524.json]
[ecura.ie/wp-json/oembed/1.0/embed5707]
[ecura.ie/wp-content/uploads/2024/02/IMG_1566-768x1024.jpg]
[ecura.ie/wp-content/uploads/2024/05/image.png]
[ecura.ie/wp-content/uploads/2024/05/image-1.png]
[ecura.ie/miao-community-engagement-output/index.html]
[ecura.ie/wp-json/wp/v2/pages/3625.json]
[ecura.ie/wp-json/oembed/1.0/embedfebc.json]
[ecura.ie/wp-json/oembed/1.0/embed1d42]
[ecura.ie/wp-content/uploads/2024/09/9bc4a98d5ecfe987a14f78981758dfd-952x1024.jpg]
[ecura.ie/wp-content/uploads/2024/09/0d60b9be578053bf93fc7d86ef681d3-1024x687.jpg]
[ecura.ie/wp-content/uploads/2024/09/image-8-1024x680.png]
[ecura.ie/database-of-ethnic-minority-languages/index.html]
[ecura.ie/wp-json/wp/v2/pages/3968.json]
[ecura.ie/wp-json/oembed/1.0/embed6ff2.json]
[ecura.ie/wp-json/oembed/1.0/embedf6f1]
[ecura.ie/wp-content/uploads/2024/08/WechatIMG1997.jpg]
[ecura.ie/yi-language-dialect-areas-and-the-standardization-of-yi-script/index.html]
[ecura.ie/wp-content/uploads/2024/08/Screenshot-2024-08-28-at-13.52.23.png]
[ecura.ie/three-pathways-of-effort-in-developing-yi-script-information-processing/index204e.html]
[ecura.ie/wp-content/uploads/2024/08/image-11-813x1024.png]
[ecura.ie/letters-pronunciation-and-tones-of-the-pollard-script/index.html]
[ecura.ie/wp-content/uploads/2024/08/image-10.png]
[ecura.ie/miao-musical-notation/index.html]
[ecura.ie/wp-content/uploads/2024/06/Picture1-5.png]
[ecura.ie/miao-musical-notation-part-2/index.html]
[ecura.ie/wp-content/uploads/2024/08/image-13.png]
[ecura.ie/miao-musical-notation-related-terminology/index.html]
[ecura.ie/wp-content/uploads/2024/08/BY-8-1024x709.jpg]
[ecura.ie/summary-of-miao-musical-notation/index.html]
[ecura.ie/wp-content/uploads/2024/08/WechatIMG2013.jpg]
[ecura.ie/literatures-and-references/index.html]
[ecura.ie/audiovisual-self-representation-via-wechat-a-report-on-minority-music-in-yunnan-province-china/index.html]
[ecura.ie/wp-json/wp/v2/pages/3945.json]
[ecura.ie/wp-json/oembed/1.0/embed0295.json]
[ecura.ie/wp-json/oembed/1.0/embed4e8c]
[ecura.ie/wp-content/uploads/2024/07/WechatIMG1725-1024x768.jpg]
[ecura.ie/wp-content/uploads/2024/07/WechatIMG1727-1024x768.jpg]
[ecura.ie/wp-content/uploads/2024/08/WechatIMG1925-1024x570.png]
[ecura.ie/wp-content/uploads/2024/08/WechatIMG1928-1024x655.jpg]
[ecura.ie/wp-content/uploads/2024/08/image-42.png]
[ecura.ie/wp-content/uploads/2024/09/鲁玉科-周永彩-相伙调-1.mp3]
[ecura.ie/wp-content/uploads/2024/09/Detailed-content-and-duration-statistics-of-the-Meige-audios-provided-by-Xiaowei-Guo.pdf]
[ecura.ie/digital-application-and-online-data/index.html]
[ecura.ie/wp-json/wp/v2/pages/4054.json]
[ecura.ie/wp-json/oembed/1.0/embed36dd.json]
[ecura.ie/wp-json/oembed/1.0/embed13b5]
[ecura.ie/wp-content/uploads/2024/09/01-1、释230a.wav]
[ecura.ie/wp-content/uploads/2024/09/01-1、释.wav]
[ecura.ie/wp-content/uploads/2024/09/01-2、块wave6f8.wav]
[ecura.ie/wp-content/uploads/2024/09/01-2、块wav.wav]
[ecura.ie/wp-content/uploads/2024/09/01-3、边4640.wav]
[ecura.ie/wp-content/uploads/2024/09/01-3、边.wav]
[ecura.ie/wp-content/uploads/2024/09/01-4、地3161.wav]
[ecura.ie/wp-content/uploads/2024/09/01-4、地.wav]
[ecura.ie/wp-content/uploads/2024/09/01-5、开b90e.wav]
[ecura.ie/wp-content/uploads/2024/09/01-5、开.wav]
[ecura.ie/wp-content/uploads/2024/09/01-6、开花5f62.wav]
[ecura.ie/wp-content/uploads/2024/09/01-6、开花.wav]
[ecura.ie/wp-content/uploads/2024/09/01-7、史-1884.wav]
[ecura.ie/wp-content/uploads/2024/09/01-7、史-.wav]
[ecura.ie/wp-content/uploads/2024/09/01-8、历史fa5c.wav]
[ecura.ie/wp-content/uploads/2024/09/01-8、历史.wav]
[ecura.ie/wp-content/uploads/2024/09/01-9、很cb89.wav]
[ecura.ie/wp-content/uploads/2024/09/01-9、很.wav]
[ecura.ie/wp-content/uploads/2024/09/01-10、天de89.wav]
[ecura.ie/wp-content/uploads/2024/09/01-10、天.wav]
[ecura.ie/wp-content/uploads/2024/09/01-11、古时61ea.wav]
[ecura.ie/wp-content/uploads/2024/09/01-11、古时.wav]
[ecura.ie/wp-content/uploads/2024/09/01-12、旧古c3f3.wav]
[ecura.ie/wp-content/uploads/2024/09/01-12、旧古.wav]
[ecura.ie/wp-content/uploads/2024/09/01-13、久648a.wav]
[ecura.ie/wp-content/uploads/2024/09/01-13、久.wav]
[ecura.ie/wp-content/uploads/2024/09/01-14、时间c46e.wav]
[ecura.ie/wp-content/uploads/2024/09/01-14、时间.wav]
[ecura.ie/wp-content/uploads/2024/09/01-15、蛋f515.wav]
[ecura.ie/wp-content/uploads/2024/09/01-15、蛋.wav]
[ecura.ie/wp-content/uploads/2024/09/01-16、一e302.wav]
[ecura.ie/wp-content/uploads/2024/09/01-16、一.wav]
[ecura.ie/wp-content/uploads/2024/09/01-17、个0d68.wav]
[ecura.ie/wp-content/uploads/2024/09/01-17、个.wav]
[ecura.ie/wp-content/uploads/2024/09/01-18、有45f5.wav]
[ecura.ie/wp-content/uploads/2024/09/01-18、有.wav]
[ecura.ie/wp-content/uploads/2024/09/01-19、内fe0f.wav]
[ecura.ie/wp-content/uploads/2024/09/01-19、内.wav]
[ecura.ie/wp-content/uploads/2024/09/01-20、装507b.wav]
[ecura.ie/wp-content/uploads/2024/09/01-20、装.wav]
[ecura.ie/wp-content/uploads/2024/09/21、千。NEWb58b.wav]
[ecura.ie/wp-content/uploads/2024/09/21、千。NEW.wav]
[ecura.ie/wp-content/uploads/2024/09/22、年。NEW078c.wav]
[ecura.ie/wp-content/uploads/2024/09/22、年。NEW.wav]
[ecura.ie/wp-content/uploads/2024/09/23-过d8ae.wav]
[ecura.ie/wp-content/uploads/2024/09/23-过.wav]
[ecura.ie/wp-content/uploads/2024/09/24-了3378.wav]
[ecura.ie/wp-content/uploads/2024/09/24-了.wav]
[ecura.ie/wp-content/uploads/2024/09/25-他2f89.wav]
[ecura.ie/wp-content/uploads/2024/09/25-他.wav]
[ecura.ie/wp-content/uploads/2024/09/26-成7a21.wav]
[ecura.ie/wp-content/uploads/2024/09/26-成.wav]
[ecura.ie/wp-content/uploads/2024/09/28-头wav837a.wav]
[ecura.ie/wp-content/uploads/2024/09/28-头wav.wav]
[ecura.ie/wp-content/uploads/2024/09/29-脑袋-wav22cc.wav]
[ecura.ie/wp-content/uploads/2024/09/29-脑袋-wav.wav]
[ecura.ie/wp-content/uploads/2024/09/30-动-wavd13e.wav]
[ecura.ie/wp-content/uploads/2024/09/30-动-wav.wav]
[ecura.ie/wp-content/uploads/2024/09/31、裂1468.wav]
[ecura.ie/wp-content/uploads/2024/09/31、裂.wav]
[ecura.ie/wp-content/uploads/2024/09/32-跨e932.wav]
[ecura.ie/wp-content/uploads/2024/09/32-跨.wav]
[ecura.ie/wp-content/uploads/2024/09/33-骨0707.wav]
[ecura.ie/wp-content/uploads/2024/09/33-骨.wav]
[ecura.ie/wp-content/uploads/2024/09/34、踢dc09.wav]
[ecura.ie/wp-content/uploads/2024/09/34、踢.wav]
[ecura.ie/wp-content/uploads/2024/09/35-掌1fb0.wav]
[ecura.ie/wp-content/uploads/2024/09/35-掌.wav]
[ecura.ie/wp-content/uploads/2024/09/36、方位c215.wav]
[ecura.ie/wp-content/uploads/2024/09/36、方位.wav]
[ecura.ie/wp-content/uploads/2024/09/37、半3558.wav]
[ecura.ie/wp-content/uploads/2024/09/37、半.wav]
[ecura.ie/wp-content/uploads/2024/09/38、下3c53.wav]
[ecura.ie/wp-content/uploads/2024/09/38、下.wav]
[ecura.ie/wp-content/uploads/2024/09/39-出d49e.wav]
[ecura.ie/wp-content/uploads/2024/09/39-出.wav]
[ecura.ie/wp-content/uploads/2024/09/41-站d9fd.wav]
[ecura.ie/wp-content/uploads/2024/09/39-出df3e.wav]
[ecura.ie/wp-content/uploads/2024/09/41-站.wav]
[ecura.ie/wp-content/uploads/2024/09/42.起fc9d.wav]
[ecura.ie/wp-content/uploads/2024/09/41-站a9b2.wav]
[ecura.ie/wp-content/uploads/2024/09/42.起.wav]
[ecura.ie/wp-content/uploads/2024/09/43.撑90fe.wav]
[ecura.ie/wp-content/uploads/2024/09/43.撑.wav]
[ecura.ie/wp-content/uploads/2024/09/44.挨4fdb.wav]
[ecura.ie/wp-content/uploads/2024/09/44.挨.wav]
[ecura.ie/wp-content/uploads/2024/09/45.万49d8.wav]
[ecura.ie/wp-content/uploads/2024/09/45.万.wav]
[ecura.ie/wp-content/uploads/2024/09/46.月1946.wav]
[ecura.ie/wp-content/uploads/2024/09/46.月.wav]
[ecura.ie/wp-content/uploads/2024/09/47.身b252.wav]
[ecura.ie/wp-content/uploads/2024/09/47.身.wav]
[ecura.ie/wp-content/uploads/2024/09/48.体9e6b.wav]
[ecura.ie/wp-content/uploads/2024/09/48.体.wav]
[ecura.ie/wp-content/uploads/2024/09/49.僵419d.wav]
[ecura.ie/wp-content/uploads/2024/09/49.僵.wav]
[ecura.ie/wp-content/uploads/2024/09/50.节b4a1.wav]
[ecura.ie/wp-content/uploads/2024/09/50.节.wav]
[ecura.ie/wp-content/uploads/2024/09/51.糟1c24.wav]
[ecura.ie/wp-content/uploads/2024/09/51.糟.wav]
[ecura.ie/wp-content/uploads/2024/09/52.气6a71.wav]
[ecura.ie/wp-content/uploads/2024/09/52.气.wav]
[ecura.ie/wp-content/uploads/2024/09/53.吸6229.wav]
[ecura.ie/wp-content/uploads/2024/09/53.吸.wav]
[ecura.ie/wp-content/uploads/2024/09/54.说725e.wav]
[ecura.ie/wp-content/uploads/2024/09/54.说.wav]
[ecura.ie/wp-content/uploads/2024/09/55.上017a.wav]
[ecura.ie/wp-content/uploads/2024/09/55.上.wav]
[ecura.ie/wp-content/uploads/2024/09/56.到b948.wav]
[ecura.ie/wp-content/uploads/2024/09/56.到.wav]
[ecura.ie/wp-content/uploads/2024/09/57.皮eea1.wav]
[ecura.ie/wp-content/uploads/2024/09/57.皮.wav]
[ecura.ie/wp-content/uploads/2024/09/58.张3b70.wav]
[ecura.ie/wp-content/uploads/2024/09/58.张.wav]
[ecura.ie/wp-content/uploads/2024/09/59.他4f3d.wav]
[ecura.ie/wp-content/uploads/2024/09/59.他.wav]
[ecura.ie/wp-content/uploads/2024/09/60.喘5389.wav]
[ecura.ie/wp-content/uploads/2024/09/60.喘.wav]
[ecura.ie/wp-content/uploads/2024/09/61.上f8bc.wav]
[ecura.ie/wp-content/uploads/2024/09/61.上.wav]
[ecura.ie/wp-content/uploads/2024/09/62.中1f0b.wav]
[ecura.ie/wp-content/uploads/2024/09/62.中.wav]
[ecura.ie/wp-content/uploads/2024/09/63.雾1776.wav]
[ecura.ie/wp-content/uploads/2024/09/63.雾.wav]
[ecura.ie/wp-content/uploads/2024/09/64.风2d71.wav]
[ecura.ie/wp-content/uploads/2024/09/64.风.wav]
[ecura.ie/wp-content/uploads/2024/09/65.咳20bc.wav]
[ecura.ie/wp-content/uploads/2024/09/65.咳.wav]
[ecura.ie/wp-content/uploads/2024/09/66.口9151.wav]
[ecura.ie/wp-content/uploads/2024/09/66.口.wav]
[ecura.ie/wp-content/uploads/2024/09/67.雷0989.wav]
[ecura.ie/wp-content/uploads/2024/09/67.雷.wav]
[ecura.ie/wp-content/uploads/2024/09/68.眼d6a0.wav]
[ecura.ie/wp-content/uploads/2024/09/68.眼.wav]
[ecura.ie/wp-content/uploads/2024/09/69.眨e15d.wav]
[ecura.ie/wp-content/uploads/2024/09/69.眨.wav]
[ecura.ie/wp-content/uploads/2024/09/70.亮ad0e.wav]
[ecura.ie/wp-content/uploads/2024/09/70.亮.wav]
[ecura.ie/wp-content/uploads/2024/09/71.洞8e43.wav]
[ecura.ie/wp-content/uploads/2024/09/71.洞.wav]
[ecura.ie/wp-content/uploads/2024/09/72.左382e.wav]
[ecura.ie/wp-content/uploads/2024/09/72.左.wav]
[ecura.ie/wp-content/uploads/2024/09/73.日d25d.wav]
[ecura.ie/wp-content/uploads/2024/09/73.日.wav]
[ecura.ie/wp-content/uploads/2024/09/74.右64b4.wav]
[ecura.ie/wp-content/uploads/2024/09/74.右.wav]
[ecura.ie/wp-content/uploads/2024/09/75.亮3901.wav]
[ecura.ie/wp-content/uploads/2024/09/75.亮.wav]
[ecura.ie/wp-content/uploads/2024/09/76.可以0f51.wav]
[ecura.ie/wp-content/uploads/2024/09/76.可以.wav]
[ecura.ie/wp-content/uploads/2024/09/77.烧7cc9.wav]
[ecura.ie/wp-content/uploads/2024/09/77.烧.wav]
[ecura.ie/wp-content/uploads/2024/09/78.山1896.wav]
[ecura.ie/wp-content/uploads/2024/09/78.山.wav]
[ecura.ie/wp-content/uploads/2024/09/79.箐52ed.wav]
[ecura.ie/wp-content/uploads/2024/09/79.箐.wav]
[ecura.ie/wp-content/uploads/2024/09/80.大箐0f73.wav]
[ecura.ie/wp-content/uploads/2024/09/80.大箐.wav]
[ecura.ie/wp-content/uploads/2024/09/81.肋骨f720.wav]
[ecura.ie/wp-content/uploads/2024/09/81.肋骨.wav]
[ecura.ie/wp-content/uploads/2024/09/82.筋53c7.wav]
[ecura.ie/wp-content/uploads/2024/09/82.筋.wav]
[ecura.ie/wp-content/uploads/2024/09/83.背1dde.wav]
[ecura.ie/wp-content/uploads/2024/09/83.背.wav]
[ecura.ie/wp-content/uploads/2024/09/84.叠词ffbe.wav]
[ecura.ie/wp-content/uploads/2024/09/84.叠词.wav]
[ecura.ie/wp-content/uploads/2024/09/85.以前f208.wav]
[ecura.ie/wp-content/uploads/2024/09/85.以前.wav]
[ecura.ie/wp-content/uploads/2024/09/86.梁子615a.wav]
[ecura.ie/wp-content/uploads/2024/09/86.梁子.wav]
[ecura.ie/wp-content/uploads/2024/09/87.石8122.wav]
[ecura.ie/wp-content/uploads/2024/09/87.石.wav]
[ecura.ie/wp-content/uploads/2024/09/88.大8fdb.wav]
[ecura.ie/wp-content/uploads/2024/09/88.大.wav]
[ecura.ie/wp-content/uploads/2024/09/89.是12b4.wav]
[ecura.ie/wp-content/uploads/2024/09/89.是.wav]
[ecura.ie/wp-content/uploads/2024/09/90.肉3dd4.wav]
[ecura.ie/wp-content/uploads/2024/09/90.肉.wav]
[ecura.ie/wp-content/uploads/2024/09/91.红7b2d.wav]
[ecura.ie/wp-content/uploads/2024/09/91.红.wav]
[ecura.ie/wp-content/uploads/2024/09/92a.土07e1.wav]
[ecura.ie/wp-content/uploads/2024/09/92a.土.wav]
[ecura.ie/wp-content/uploads/2024/09/93a.成1f84.wav]
[ecura.ie/wp-content/uploads/2024/09/93a.成.wav]
[ecura.ie/wp-content/uploads/2024/09/94a.毛03a5.wav]
[ecura.ie/wp-content/uploads/2024/09/94a.毛.wav]
[ecura.ie/wp-content/uploads/2024/09/95.硬bea8.wav]
[ecura.ie/wp-content/uploads/2024/09/95.硬.wav]
[ecura.ie/wp-content/uploads/2024/10/96.树fdf7.wav]
[ecura.ie/wp-content/uploads/2024/10/96.树.wav]
[ecura.ie/wp-content/uploads/2024/10/103.肠1158.wav]
[ecura.ie/wp-content/uploads/2024/10/103.肠.wav]
[ecura.ie/wp-content/uploads/2024/10/98.草0e7b.wav]
[ecura.ie/wp-content/uploads/2024/10/98.草.wav]
[ecura.ie/wp-content/uploads/2024/10/99.小8f00.wav]
[ecura.ie/wp-content/uploads/2024/10/99.小.wav]
[ecura.ie/wp-content/uploads/2024/10/100.男e831.wav]
[ecura.ie/wp-content/uploads/2024/10/100.男.wav]
[ecura.ie/wp-content/uploads/2024/10/101.兽1395.wav]
[ecura.ie/wp-content/uploads/2024/10/101.兽.wav]
[ecura.ie/wp-content/uploads/2024/10/102.虫4126.wav]
[ecura.ie/wp-content/uploads/2024/10/102.虫.wav]
[ecura.ie/wp-content/uploads/2024/10/103.肠4d74.wav]
[ecura.ie/wp-content/uploads/2024/10/104.水486c.wav]
[ecura.ie/wp-content/uploads/2024/10/104.水.wav]
[ecura.ie/wp-content/uploads/2024/10/104.溪40c8.wav]
[ecura.ie/wp-content/uploads/2024/10/104.溪.wav]
[ecura.ie/wp-content/uploads/2024/10/106.鸟a7fe.wav]
[ecura.ie/wp-content/uploads/2024/10/106.鸟.wav]
[ecura.ie/wp-content/uploads/2024/10/107.做1340.wav]
[ecura.ie/wp-content/uploads/2024/10/107.做.wav]
[ecura.ie/wp-content/uploads/2024/10/108.不ff2d.wav]
[ecura.ie/wp-content/uploads/2024/10/108.不.wav]
[ecura.ie/wp-content/uploads/2024/10/109.掺杂ce01.wav]
[ecura.ie/wp-content/uploads/2024/10/109.掺杂.wav]
[ecura.ie/wp-content/uploads/2024/10/110.哈欠773e.wav]
[ecura.ie/wp-content/uploads/2024/10/110.哈欠.wav]
[ecura.ie/wp-content/uploads/2024/10/111.管9520.wav]
[ecura.ie/wp-content/uploads/2024/10/111.管.wav]
[ecura.ie/wp-content/uploads/2024/10/112.君王61bf.wav]
[ecura.ie/wp-content/uploads/2024/10/112.君王.wav]
[ecura.ie/wp-content/uploads/2024/10/113.建造f5b0.wav]
[ecura.ie/wp-content/uploads/2024/10/113.建造.wav]
[ecura.ie/wp-content/uploads/2024/10/114.建造ddf6.wav]
[ecura.ie/wp-content/uploads/2024/10/114.建造.wav]
[ecura.ie/wp-content/uploads/2024/10/116.模型0bfd.wav]
[ecura.ie/wp-content/uploads/2024/10/116.模型.wav]
[ecura.ie/wp-content/uploads/2024/09/117.遮荫8373.wav]
[ecura.ie/wp-content/uploads/2024/09/117.遮荫.wav]
[ecura.ie/wp-content/uploads/2024/09/118.看f642.wav]
[ecura.ie/wp-content/uploads/2024/09/118.看.wav]
[ecura.ie/wp-content/uploads/2024/09/119.钵5d4b.wav]
[ecura.ie/wp-content/uploads/2024/09/119.钵.wav]
[ecura.ie/wp-content/uploads/2024/09/120.蜘蛛85a7.wav]
[ecura.ie/wp-content/uploads/2024/09/120.蜘蛛.wav]
[ecura.ie/wp-content/uploads/2024/09/121.编c81e.wav]
[ecura.ie/wp-content/uploads/2024/09/121.编.wav]
[ecura.ie/wp-content/uploads/2024/09/122.蕨菜afd0.wav]
[ecura.ie/wp-content/uploads/2024/09/122.蕨菜.wav]
[ecura.ie/wp-content/uploads/2024/09/123.雾气875f.wav]
[ecura.ie/wp-content/uploads/2024/09/123.雾气.wav]
[ecura.ie/wp-content/uploads/2024/09/124.种子62cb.wav]
[ecura.ie/wp-content/uploads/2024/09/124.种子.wav]
[ecura.ie/wp-content/uploads/2024/09/125.黑色0466.wav]
[ecura.ie/wp-content/uploads/2024/09/125.黑色.wav]
[ecura.ie/wp-content/uploads/2024/09/126.雪1cba.wav]
[ecura.ie/wp-content/uploads/2024/09/126.雪.wav]
[ecura.ie/wp-content/uploads/2024/09/127.白8e5b.wav]
[ecura.ie/wp-content/uploads/2024/09/127.白.wav]
[ecura.ie/wp-content/uploads/2024/09/128.料0c18.wav]
[ecura.ie/wp-content/uploads/2024/09/128.料.wav]
[ecura.ie/wp-content/uploads/2024/09/129.黄色c2eb.wav]
[ecura.ie/wp-content/uploads/2024/09/129.黄色.wav]
[ecura.ie/wp-content/uploads/2024/09/130.浕涵4f9c.wav]
[ecura.ie/wp-content/uploads/2024/09/130.浕涵.wav]
[ecura.ie/wp-content/uploads/2024/09/131.落28a7.wav]
[ecura.ie/wp-content/uploads/2024/09/131.落.wav]
[ecura.ie/wp-content/uploads/2024/09/132.神7d5c.wav]
[ecura.ie/wp-content/uploads/2024/09/132.神.wav]
[ecura.ie/wp-content/uploads/2024/09/133.银54cd.wav]
[ecura.ie/wp-content/uploads/2024/09/133.银.wav]
[ecura.ie/wp-content/uploads/2024/09/134.果8f8e.wav]
[ecura.ie/wp-content/uploads/2024/09/134.果.wav]
[ecura.ie/wp-content/uploads/2024/09/135.三9918.wav]
[ecura.ie/wp-content/uploads/2024/09/135.三.wav]
[ecura.ie/wp-content/uploads/2024/09/136、把fe7a.wav]
[ecura.ie/wp-content/uploads/2024/09/136、把.wav]
[ecura.ie/wp-content/uploads/2024/09/137、九9aa3.wav]
[ecura.ie/wp-content/uploads/2024/09/137、九.wav]
[ecura.ie/wp-content/uploads/2024/09/138、个6d7d.wav]
[ecura.ie/wp-content/uploads/2024/09/138、个.wav]
[ecura.ie/wp-content/uploads/2024/09/139、七da9f.wav]
[ecura.ie/wp-content/uploads/2024/09/139、七.wav]
[ecura.ie/wp-content/uploads/2024/09/140、女10e0f.wav]
[ecura.ie/wp-content/uploads/2024/09/140、女1.wav]
[ecura.ie/wp-content/uploads/2024/09/142、名4571.wav]
[ecura.ie/wp-content/uploads/2024/09/142、名.wav]
[ecura.ie/wp-content/uploads/2024/09/143、五7029.wav]
[ecura.ie/wp-content/uploads/2024/09/143、五.wav]
[ecura.ie/wp-content/uploads/2024/09/144、我们1574.wav]
[ecura.ie/wp-content/uploads/2024/09/144、我们.wav]
[ecura.ie/wp-content/uploads/2024/09/145、四5726.wav]
[ecura.ie/wp-content/uploads/2024/09/145、四.wav]
[ecura.ie/wp-content/uploads/2024/09/146、打牌f48f.wav]
[ecura.ie/wp-content/uploads/2024/09/146、打牌.wav]
[ecura.ie/wp-content/uploads/2024/09/147、打6116.wav]
[ecura.ie/wp-content/uploads/2024/09/147、打.wav]
[ecura.ie/wp-content/uploads/2024/09/148、游玩ec96.wav]
[ecura.ie/wp-content/uploads/2024/09/148、游玩.wav]
[ecura.ie/wp-content/uploads/2024/09/150、老ea79.wav]
[ecura.ie/wp-content/uploads/2024/09/150、老.wav]
[ecura.ie/wp-content/uploads/2024/09/151、兽0072.wav]
[ecura.ie/wp-content/uploads/2024/09/151、兽.wav]
[ecura.ie/wp-content/uploads/2024/09/152、撵c4bb.wav]
[ecura.ie/wp-content/uploads/2024/09/152、撵.wav]
[ecura.ie/wp-content/uploads/2024/09/153、狩11b3.wav]
[ecura.ie/wp-content/uploads/2024/09/153、狩.wav]
[ecura.ie/wp-content/uploads/2024/09/154、鱼a58f.wav]
[ecura.ie/wp-content/uploads/2024/09/154、鱼.wav]
[ecura.ie/wp-content/uploads/2024/09/155、抓5b46.wav]
[ecura.ie/wp-content/uploads/2024/09/155、抓.wav]
[ecura.ie/wp-content/uploads/2024/09/156、早饭06d4.wav]
[ecura.ie/wp-content/uploads/2024/09/156、早饭.wav]
[ecura.ie/wp-content/uploads/2024/09/158、喊79a8.wav]
[ecura.ie/wp-content/uploads/2024/09/158、喊.wav]
[ecura.ie/wp-content/uploads/2024/09/159、二ae30.wav]
[ecura.ie/wp-content/uploads/2024/09/159、二.wav]
[ecura.ie/wp-content/uploads/2024/09/160、饭712e.wav]
[ecura.ie/wp-content/uploads/2024/09/160、饭.wav]
[ecura.ie/wp-content/uploads/2024/09/161、时辰466b.wav]
[ecura.ie/wp-content/uploads/2024/09/161、时辰.wav]
[ecura.ie/wp-content/uploads/2024/09/162、晚a97d.wav]
[ecura.ie/wp-content/uploads/2024/09/162、晚.wav]
[ecura.ie/wp-content/uploads/2024/09/163、夜f90a.wav]
[ecura.ie/wp-content/uploads/2024/09/163、夜.wav]
[ecura.ie/wp-content/uploads/2024/09/164、皮0b70.wav]
[ecura.ie/wp-content/uploads/2024/09/164、皮.wav]
[ecura.ie/wp-content/uploads/2024/09/165、张3481.wav]
[ecura.ie/wp-content/uploads/2024/09/165、张.wav]
[ecura.ie/wp-content/uploads/2024/09/166、朵3b64.wav]
[ecura.ie/wp-content/uploads/2024/09/166、朵.wav]
[ecura.ie/wp-content/uploads/2024/09/167、衣d13a.wav]
[ecura.ie/wp-content/uploads/2024/09/167、衣.wav]
[ecura.ie/wp-content/uploads/2024/09/168、苔6894.wav]
[ecura.ie/wp-content/uploads/2024/09/168、苔.wav]
[ecura.ie/wp-content/uploads/2024/09/169、堆4e7f.wav]
[ecura.ie/wp-content/uploads/2024/09/169、堆.wav]
[ecura.ie/wp-content/uploads/2024/09/170、茸4ddf.wav]
[ecura.ie/wp-content/uploads/2024/09/170、茸.wav]
[ecura.ie/wp-content/uploads/2024/09/171、圈03ce.wav]
[ecura.ie/wp-content/uploads/2024/09/171、圈.wav]
[ecura.ie/wp-content/uploads/2024/09/172、裤子5e13.wav]
[ecura.ie/wp-content/uploads/2024/09/172、裤子.wav]
[ecura.ie/wp-content/uploads/2024/09/173、堆8930.wav]
[ecura.ie/wp-content/uploads/2024/09/173、堆.wav]
[ecura.ie/wp-content/uploads/2024/09/174、堆ae30.wav]
[ecura.ie/wp-content/uploads/2024/09/174、堆.wav]
[ecura.ie/wp-content/uploads/2024/09/175、够4e0f.wav]
[ecura.ie/wp-content/uploads/2024/09/175、够.wav]
[ecura.ie/wp-content/uploads/2024/09/176、心aef5.wav]
[ecura.ie/wp-content/uploads/2024/09/176、心.wav]
[ecura.ie/wp-content/uploads/2024/09/177、斗ede2.wav]
[ecura.ie/wp-content/uploads/2024/09/177、斗.wav]
[ecura.ie/wp-content/uploads/2024/09/178、大5f7d.wav]
[ecura.ie/wp-content/uploads/2024/09/178、大.wav]
[ecura.ie/wp-content/uploads/2024/09/179、超出5adc.wav]
[ecura.ie/wp-content/uploads/2024/09/179、超出.wav]
[ecura.ie/wp-content/uploads/2024/09/180、挨着7c2b.wav]
[ecura.ie/wp-content/uploads/2024/09/180、挨着.wav]
[ecura.ie/wp-content/uploads/2024/09/180、他们099a.wav]
[ecura.ie/wp-content/uploads/2024/09/180、他们.wav]
[ecura.ie/wp-content/uploads/2024/09/181、小9bd9.wav]
[ecura.ie/wp-content/uploads/2024/09/181、小.wav]
[ecura.ie/wp-content/uploads/2024/09/182、真实ce87.wav]
[ecura.ie/wp-content/uploads/2024/09/182、真实.wav]
[ecura.ie/wp-content/uploads/2024/09/183、着c031.wav]
[ecura.ie/wp-content/uploads/2024/09/183、着.wav]
[ecura.ie/wp-content/uploads/2024/09/184、快3800.wav]
[ecura.ie/wp-content/uploads/2024/09/184、快.wav]
[ecura.ie/wp-content/uploads/2024/09/185、建ee1c.wav]
[ecura.ie/wp-content/uploads/2024/09/185、建.wav]
[ecura.ie/wp-content/uploads/2024/09/186、凝问fd98.wav]
[ecura.ie/wp-content/uploads/2024/09/186、凝问.wav]
[ecura.ie/wp-content/uploads/2024/09/187、庹e7af.wav]
[ecura.ie/wp-content/uploads/2024/09/187、庹.wav]
[ecura.ie/wp-content/uploads/2024/09/188、蚕6e23.wav]
[ecura.ie/wp-content/uploads/2024/09/188、蚕.wav]
[ecura.ie/wp-content/uploads/2024/09/189、飞68f8.wav]
[ecura.ie/wp-content/uploads/2024/09/189、飞.wav]
[ecura.ie/wp-content/uploads/2024/09/190、丈量d09f.wav]
[ecura.ie/wp-content/uploads/2024/09/190、丈量.wav]
[ecura.ie/wp-content/uploads/2024/09/191、蜻蜓6c69.wav]
[ecura.ie/wp-content/uploads/2024/09/191、蜻蜓.wav]
[ecura.ie/wp-content/uploads/2024/09/192、拃2a32.wav]
[ecura.ie/wp-content/uploads/2024/09/192、拃.wav]
[ecura.ie/wp-content/uploads/2024/09/193、则0a1c.wav]
[ecura.ie/wp-content/uploads/2024/09/193、则.wav]
[ecura.ie/wp-content/uploads/2024/09/194、罩2f73.wav]
[ecura.ie/wp-content/uploads/2024/09/194、罩.wav]
[ecura.ie/wp-content/uploads/2024/09/195、合28c4.wav]
[ecura.ie/wp-content/uploads/2024/09/195、合.wav]
[ecura.ie/wp-content/uploads/2024/09/196、婚3934.wav]
[ecura.ie/wp-content/uploads/2024/09/196、婚.wav]
[ecura.ie/wp-content/uploads/2024/09/197、把a143.wav]
[ecura.ie/wp-content/uploads/2024/09/197、把.wav]
[ecura.ie/wp-content/uploads/2024/09/198、缩7d86.wav]
[ecura.ie/wp-content/uploads/2024/09/198、缩.wav]
[ecura.ie/wp-content/uploads/2024/09/199、会496b.wav]
[ecura.ie/wp-content/uploads/2024/09/199、会.wav]
[ecura.ie/wp-content/uploads/2024/09/200、边43f8.wav]
[ecura.ie/wp-content/uploads/2024/09/200、边.wav]
[ecura.ie/wp-content/uploads/2024/09/201、凸543d.wav]
[ecura.ie/wp-content/uploads/2024/09/201、凸.wav]
[ecura.ie/wp-content/uploads/2024/09/202、凹eaa5.wav]
[ecura.ie/wp-content/uploads/2024/09/202、凹.wav]
[ecura.ie/wp-content/uploads/2024/09/203、蛇442b.wav]
[ecura.ie/wp-content/uploads/2024/09/203、蛇.wav]
[ecura.ie/wp-content/uploads/2024/09/204、双a235.wav]
[ecura.ie/wp-content/uploads/2024/09/204、双.wav]
[ecura.ie/wp-content/uploads/2024/09/205、放2e5c.wav]
[ecura.ie/wp-content/uploads/2024/09/205、放.wav]
[ecura.ie/wp-content/uploads/2024/09/206、箍c314.wav]
[ecura.ie/wp-content/uploads/2024/09/206、箍.wav]
[ecura.ie/wp-content/uploads/2024/09/207、穿444a.wav]
[ecura.ie/wp-content/uploads/2024/09/207、穿.wav]
[ecura.ie/wp-content/uploads/2024/09/208、高4862.wav]
[ecura.ie/wp-content/uploads/2024/09/208、高.wav]
[ecura.ie/wp-content/uploads/2024/09/209、矮3337.wav]
[ecura.ie/wp-content/uploads/2024/09/209、矮.wav]
[ecura.ie/wp-content/uploads/2024/09/210、分9dac.wav]
[ecura.ie/wp-content/uploads/2024/09/210、分.wav]
[ecura.ie/wp-content/uploads/2024/09/211、整齐1d5d.wav]
[ecura.ie/wp-content/uploads/2024/09/211、整齐.wav]
[ecura.ie/wp-content/uploads/2024/09/212、育923c.wav]
[ecura.ie/wp-content/uploads/2024/09/212、育.wav]
[ecura.ie/wp-content/uploads/2024/09/213、抬48e6.wav]
[ecura.ie/wp-content/uploads/2024/09/213、抬.wav]
[ecura.ie/wp-content/uploads/2024/09/214、走2aa8.wav]
[ecura.ie/wp-content/uploads/2024/09/214、走.wav]
[ecura.ie/wp-content/uploads/2024/09/215、让cb8c.wav]
[ecura.ie/wp-content/uploads/2024/09/215、让.wav]
[ecura.ie/wp-content/uploads/2024/09/216、猪e413.wav]
[ecura.ie/wp-content/uploads/2024/09/216、猪.wav]
[ecura.ie/wp-content/uploads/2024/09/217、拱f5a6.wav]
[ecura.ie/wp-content/uploads/2024/09/217、拱.wav]
[ecura.ie/wp-content/uploads/2024/09/218、大象afa2.wav]
[ecura.ie/wp-content/uploads/2024/09/218、大象.wav]
[ecura.ie/wp-content/uploads/2024/09/219、挖c8c0.wav]
[ecura.ie/wp-content/uploads/2024/09/219、挖.wav]
[ecura.ie/wp-content/uploads/2024/09/220、天503b.wav]
[ecura.ie/wp-content/uploads/2024/09/220、天.wav]
[ecura.ie/wp-content/uploads/2024/09/221、夜晚ee71.wav]
[ecura.ie/wp-content/uploads/2024/09/221、夜晚.wav]
[ecura.ie/wp-content/uploads/2024/09/222、十ad10.wav]
[ecura.ie/wp-content/uploads/2024/09/222、十.wav]
[ecura.ie/wp-content/uploads/2024/09/223、箐f016.wav]
[ecura.ie/wp-content/uploads/2024/09/223、箐.wav]
[ecura.ie/wp-content/uploads/2024/09/224、平坝1a00.wav]
[ecura.ie/wp-content/uploads/2024/09/224、平坝.wav]
[ecura.ie/wp-content/uploads/2024/09/225、平1694.wav]
[ecura.ie/wp-content/uploads/2024/09/225、平.wav]
[ecura.ie/wp-content/uploads/2024/09/226、坡5a9b.wav]
[ecura.ie/wp-content/uploads/2024/09/226、坡.wav]
[ecura.ie/wp-content/uploads/2024/09/227、下fa90.wav]
[ecura.ie/wp-content/uploads/2024/09/227、下.wav]
[ecura.ie/wp-content/uploads/2024/09/228、稳9021.wav]
[ecura.ie/wp-content/uploads/2024/09/228、稳.wav]
[ecura.ie/wp-content/uploads/2024/09/229、牢固aa5b.wav]
[ecura.ie/wp-content/uploads/2024/09/229、牢固.wav]
[ecura.ie/wp-content/uploads/2024/09/230、还6ddb.wav]
[ecura.ie/wp-content/uploads/2024/09/230、还.wav]
[ecura.ie/wp-content/uploads/2024/09/231、试6712.wav]
[ecura.ie/wp-content/uploads/2024/09/231、试.wav]
[ecura.ie/wp-content/uploads/2024/09/232、要3d7c.wav]
[ecura.ie/wp-content/uploads/2024/09/232、要.wav]
[ecura.ie/wp-content/uploads/2024/09/233、人48a1.wav]
[ecura.ie/wp-content/uploads/2024/09/233、人.wav]
[ecura.ie/wp-content/uploads/2024/09/234、雷2c48.wav]
[ecura.ie/wp-content/uploads/2024/09/234、雷.wav]
[ecura.ie/wp-content/uploads/2024/09/236、深7f05.wav]
[ecura.ie/wp-content/uploads/2024/09/236、深.wav]
[ecura.ie/wp-content/uploads/2024/09/237、通2ae2.wav]
[ecura.ie/wp-content/uploads/2024/09/237、通.wav]
[ecura.ie/wp-content/uploads/2024/09/238、补eaca.wav]
[ecura.ie/wp-content/uploads/2024/09/238、补.wav]
[ecura.ie/wp-content/uploads/2024/09/239、弯6284.wav]
[ecura.ie/wp-content/uploads/2024/09/239、弯.wav]
[ecura.ie/wp-content/uploads/2024/09/240、缝补e43a.wav]
[ecura.ie/wp-content/uploads/2024/09/240、缝补.wav]
[ecura.ie/wp-content/uploads/2024/09/241、松1e5a.wav]
[ecura.ie/wp-content/uploads/2024/09/241、松.wav]
[ecura.ie/wp-content/uploads/2024/09/242、毛9d53.wav]
[ecura.ie/wp-content/uploads/2024/09/242、毛.wav]
[ecura.ie/wp-content/uploads/2024/09/243、针12d6.wav]
[ecura.ie/wp-content/uploads/2024/09/243、针.wav]
[ecura.ie/wp-content/uploads/2024/09/244、蜘蛛417c.wav]
[ecura.ie/wp-content/uploads/2024/09/244、蜘蛛.wav]
[ecura.ie/wp-content/uploads/2024/09/245、网22f7.wav]
[ecura.ie/wp-content/uploads/2024/09/245、网.wav]
[ecura.ie/wp-content/uploads/2024/09/246、线c3ed.wav]
[ecura.ie/wp-content/uploads/2024/09/246、线.wav]
[ecura.ie/wp-content/uploads/2024/09/247、布0ad6.wav]
[ecura.ie/wp-content/uploads/2024/09/247、布.wav]
[ecura.ie/wp-content/uploads/2024/09/248、完f110.wav]
[ecura.ie/wp-content/uploads/2024/09/248、完.wav]
[ecura.ie/wp-content/uploads/2024/09/249、名称d5a3.wav]
[ecura.ie/wp-content/uploads/2024/09/249、名称.wav]
[ecura.ie/wp-content/uploads/2024/09/250、虎ec47.wav]
[ecura.ie/wp-content/uploads/2024/09/250、虎.wav]
[ecura.ie/wp-content/uploads/2024/09/251、酸0ea8.wav]
[ecura.ie/wp-content/uploads/2024/09/251、酸.wav]
[ecura.ie/wp-content/uploads/2024/09/252、藤c774.wav]
[ecura.ie/wp-content/uploads/2024/09/252、藤.wav]
[ecura.ie/wp-content/uploads/2024/09/253、前缀be37.wav]
[ecura.ie/wp-content/uploads/2024/09/253、前缀.wav]
[ecura.ie/wp-content/uploads/2024/09/254、宽ecb3.wav]
[ecura.ie/wp-content/uploads/2024/09/254、宽.wav]
[ecura.ie/wp-content/uploads/2024/09/255、龙074c.wav]
[ecura.ie/wp-content/uploads/2024/09/255、龙.wav]
[ecura.ie/wp-content/uploads/2024/09/256、自己e1af.wav]
[ecura.ie/wp-content/uploads/2024/09/256、自己.wav]
[ecura.ie/wp-content/uploads/2024/09/257、抖5034.wav]
[ecura.ie/wp-content/uploads/2024/09/257、抖.wav]
[ecura.ie/wp-content/uploads/2024/09/258、东西c7db.wav]
[ecura.ie/wp-content/uploads/2024/09/258、东西.wav]
[ecura.ie/wp-content/uploads/2024/09/259、抵380e.wav]
[ecura.ie/wp-content/uploads/2024/09/259、抵.wav]
[ecura.ie/wp-content/uploads/2024/09/260、公6043.wav]
[ecura.ie/wp-content/uploads/2024/09/260、公.wav]
[ecura.ie/wp-content/uploads/2024/09/261、眨4545.wav]
[ecura.ie/wp-content/uploads/2024/09/261、眨.wav]
[ecura.ie/wp-content/uploads/2024/09/262、角0b3a.wav]
[ecura.ie/wp-content/uploads/2024/09/262、角.wav]
[ecura.ie/wp-content/uploads/2024/09/263、翻ff20.wav]
[ecura.ie/wp-content/uploads/2024/09/263、翻.wav]
[ecura.ie/wp-content/uploads/2024/09/264、摆动6c2c.wav]
[ecura.ie/wp-content/uploads/2024/09/264、摆动.wav]
[ecura.ie/wp-content/uploads/2024/09/265、死亡2fef.wav]
[ecura.ie/wp-content/uploads/2024/09/265、死亡.wav]
[ecura.ie/wp-content/uploads/2024/09/266、地-说4349.wav]
[ecura.ie/wp-content/uploads/2024/09/266、地-说.wav]
[ecura.ie/wp-content/uploads/2024/09/267、内abb7.wav]
[ecura.ie/wp-content/uploads/2024/09/267、内.wav]
[ecura.ie/wp-content/uploads/2024/09/268、地方a182.wav]
[ecura.ie/wp-content/uploads/2024/09/268、地方.wav]
[ecura.ie/wp-content/uploads/2024/09/269、引诱8161.wav]
[ecura.ie/wp-content/uploads/2024/09/269、引诱.wav]
[ecura.ie/wp-content/uploads/2024/09/270、场e2bf.wav]
[ecura.ie/wp-content/uploads/2024/09/270、场.wav]
[ecura.ie/wp-content/uploads/2024/09/271、诱8011.wav]
[ecura.ie/wp-content/uploads/2024/09/271、诱.wav]
[ecura.ie/wp-content/uploads/2024/09/272、杀307e.wav]
[ecura.ie/wp-content/uploads/2024/09/272、杀.wav]
[ecura.ie/wp-content/uploads/2024/09/273、脚9566.wav]
[ecura.ie/wp-content/uploads/2024/09/273、脚.wav]
[ecura.ie/wp-content/uploads/2024/09/274、手250e.wav]
[ecura.ie/wp-content/uploads/2024/09/274、手.wav]
[ecura.ie/wp-content/uploads/2024/09/275、里内ceb0.wav]
[ecura.ie/wp-content/uploads/2024/09/275、里内.wav]
[ecura.ie/wp-content/uploads/2024/09/276、铁ec7d.wav]
[ecura.ie/wp-content/uploads/2024/09/276、铁.wav]
[ecura.ie/wp-content/uploads/2024/09/277、遮阴3c2d.wav]
[ecura.ie/wp-content/uploads/2024/09/277、遮阴.wav]
[ecura.ie/wp-content/uploads/2024/09/278、持拿9b11.wav]
[ecura.ie/wp-content/uploads/2024/09/278、持拿.wav]
[ecura.ie/wp-content/uploads/2024/09/279、看2990.wav]
[ecura.ie/wp-content/uploads/2024/09/279、看.wav]
[ecura.ie/wp-content/uploads/2024/09/280、打6c6b.wav]
[ecura.ie/wp-content/uploads/2024/09/280、打.wav]
[ecura.ie/wp-content/uploads/2024/09/281、后0df1.wav]
[ecura.ie/wp-content/uploads/2024/09/281、后.wav]
[ecura.ie/wp-content/uploads/2024/09/282、躲藏11a0.wav]
[ecura.ie/wp-content/uploads/2024/09/282、躲藏.wav]
[ecura.ie/wp-content/uploads/2024/09/283、弯曲c080.wav]
[ecura.ie/wp-content/uploads/2024/09/283、弯曲.wav]
[ecura.ie/wp-content/uploads/2024/09/284、结2faa.wav]
[ecura.ie/wp-content/uploads/2024/09/284、结.wav]
[ecura.ie/wp-content/uploads/2024/09/285、尾1f4c.wav]
[ecura.ie/wp-content/uploads/2024/09/285、尾.wav]
[ecura.ie/wp-content/uploads/2024/09/286、嘴19cc.wav]
[ecura.ie/wp-content/uploads/2024/09/286、嘴.wav]
[ecura.ie/wp-content/uploads/2024/09/287、张开bf0d.wav]
[ecura.ie/wp-content/uploads/2024/09/287、张开.wav]
[ecura.ie/wp-content/uploads/2024/09/288、奔35d1.wav]
[ecura.ie/wp-content/uploads/2024/09/288、奔.wav]
[ecura.ie/wp-content/uploads/2024/09/289、木纹1b73.wav]
[ecura.ie/wp-content/uploads/2024/09/289、木纹.wav]
[ecura.ie/wp-content/uploads/2024/09/290、跳fe22.wav]
[ecura.ie/wp-content/uploads/2024/09/290、跳.wav]
[ecura.ie/wp-content/uploads/2024/10/291、通cf36.wav]
[ecura.ie/wp-content/uploads/2024/10/291、通.wav]
[ecura.ie/wp-content/uploads/2024/10/292、拦7a13.wav]
[ecura.ie/wp-content/uploads/2024/10/292、拦.wav]
[ecura.ie/wp-content/uploads/2024/10/293、挂0454.wav]
[ecura.ie/wp-content/uploads/2024/10/293、挂.wav]
[ecura.ie/wp-content/uploads/2024/10/294、得ec5f.wav]
[ecura.ie/wp-content/uploads/2024/10/294、得.wav]
[ecura.ie/wp-content/uploads/2024/10/295、温驯9d70.wav]
[ecura.ie/wp-content/uploads/2024/10/295、温驯.wav]
[ecura.ie/wp-content/uploads/2024/10/296、棕fd47.wav]
[ecura.ie/wp-content/uploads/2024/10/296、棕.wav]
[ecura.ie/wp-content/uploads/2024/10/297、发7415.wav]
[ecura.ie/wp-content/uploads/2024/10/297、发.wav]
[ecura.ie/wp-content/uploads/2024/10/298、放f4c2.wav]
[ecura.ie/wp-content/uploads/2024/10/298、放.wav]
[ecura.ie/wp-content/uploads/2024/10/299、搓捻9d71.wav]
[ecura.ie/wp-content/uploads/2024/10/299、搓捻.wav]
[ecura.ie/wp-content/uploads/2024/10/300、绳子42b1.wav]
[ecura.ie/wp-content/uploads/2024/10/300、绳子.wav]
[ecura.ie/wp-content/uploads/2024/10/301、多ce29.wav]
[ecura.ie/wp-content/uploads/2024/10/301、多.wav]
[ecura.ie/wp-content/uploads/2024/10/302、短3f14.wav]
[ecura.ie/wp-content/uploads/2024/10/302、短.wav]
[ecura.ie/wp-content/uploads/2024/10/303、栓814d.wav]
[ecura.ie/wp-content/uploads/2024/10/303、栓.wav]
[ecura.ie/wp-content/uploads/2024/10/304、l拉9be2.wav]
[ecura.ie/wp-content/uploads/2024/10/304、l拉.wav]
[ecura.ie/wp-content/uploads/2024/10/305、尖7f7e.wav]
[ecura.ie/wp-content/uploads/2024/10/305、尖.wav]
[ecura.ie/wp-content/uploads/2024/10/306、尖118a3.wav]
[ecura.ie/wp-content/uploads/2024/10/306、尖1.wav]
[ecura.ie/wp-content/uploads/2024/10/307、绵羊4174.wav]
[ecura.ie/wp-content/uploads/2024/10/307、绵羊.wav]
[ecura.ie/wp-content/uploads/2024/10/308、肝e748.wav]
[ecura.ie/wp-content/uploads/2024/10/308、肝.wav]
[ecura.ie/wp-content/uploads/2024/10/309、嗷4049.wav]
[ecura.ie/wp-content/uploads/2024/10/309、嗷.wav]
[ecura.ie/wp-content/uploads/2024/10/310、鸣e3d2.wav]
[ecura.ie/wp-content/uploads/2024/10/310、鸣.wav]
[ecura.ie/wp-content/uploads/2024/10/311、倒791d.wav]
[ecura.ie/wp-content/uploads/2024/10/311、倒.wav]
[ecura.ie/wp-content/uploads/2024/10/312、回c128.wav]
[ecura.ie/wp-content/uploads/2024/10/312、回.wav]
[ecura.ie/wp-content/uploads/2024/10/313、刺9c28.wav]
[ecura.ie/wp-content/uploads/2024/10/313、刺.wav]
[ecura.ie/wp-content/uploads/2024/10/314、只、06f1.wav]
[ecura.ie/wp-content/uploads/2024/10/314、只、.wav]
[ecura.ie/wp-content/uploads/2024/10/315、劈3aad.wav]
[ecura.ie/wp-content/uploads/2024/10/315、劈.wav]
[ecura.ie/wp-content/uploads/2024/10/316、膀9350.wav]
[ecura.ie/wp-content/uploads/2024/10/316、膀.wav]
[ecura.ie/wp-content/uploads/2024/10/317、行d2c1.wav]
[ecura.ie/wp-content/uploads/2024/10/317、行.wav]
[ecura.ie/wp-content/uploads/2024/10/322、鼻1082.wav]
[ecura.ie/wp-content/uploads/2024/10/322、鼻.wav]
[ecura.ie/wp-content/uploads/2024/10/323、耳eb90.wav]
[ecura.ie/wp-content/uploads/2024/10/323、耳.wav]
[ecura.ie/wp-content/uploads/2024/10/324、胡子d1a6.wav]
[ecura.ie/wp-content/uploads/2024/10/324、胡子.wav]
[ecura.ie/wp-content/uploads/2024/10/325、阳光3aac.wav]
[ecura.ie/wp-content/uploads/2024/10/325、阳光.wav]
[ecura.ie/wp-content/uploads/2024/10/326、牙85b8.wav]
[ecura.ie/wp-content/uploads/2024/10/326、牙.wav]
[ecura.ie/wp-content/uploads/2024/10/327、星c1ee.wav]
[ecura.ie/wp-content/uploads/2024/10/327、星.wav]
[ecura.ie/wp-content/uploads/2024/10/328、油2190.wav]
[ecura.ie/wp-content/uploads/2024/10/328、油.wav]
[ecura.ie/wp-content/uploads/2024/10/329、团e36b.wav]
[ecura.ie/wp-content/uploads/2024/10/329、团.wav]
[ecura.ie/wp-content/uploads/2024/10/330、云471d.wav]
[ecura.ie/wp-content/uploads/2024/10/330、云.wav]
[ecura.ie/wp-content/uploads/2024/10/331、混杂545c.wav]
[ecura.ie/wp-content/uploads/2024/10/331、混杂.wav]
[ecura.ie/wp-content/uploads/2024/10/332、影a240.wav]
[ecura.ie/wp-content/uploads/2024/10/332、影.wav]
[ecura.ie/wp-content/uploads/2024/10/333、茸cf2e.wav]
[ecura.ie/wp-content/uploads/2024/10/333、茸.wav]
[ecura.ie/wp-content/uploads/2024/10/334、秧0e3e.wav]
[ecura.ie/wp-content/uploads/2024/10/334、秧.wav]
[ecura.ie/wp-content/uploads/2024/10/335、血eaea.wav]
[ecura.ie/wp-content/uploads/2024/10/335、血.wav]
[ecura.ie/wp-content/uploads/2024/10/336、牛0392.wav]
[ecura.ie/wp-content/uploads/2024/10/336、牛.wav]
[ecura.ie/wp-content/uploads/2024/10/337、山羊b2e7.wav]
[ecura.ie/wp-content/uploads/2024/10/337、山羊.wav]
[ecura.ie/wp-content/uploads/2024/10/338、禽类6937.wav]
[ecura.ie/wp-content/uploads/2024/10/338、禽类.wav]
[ecura.ie/wp-content/uploads/2024/10/339、髓d03a.wav]
[ecura.ie/wp-content/uploads/2024/10/339、髓.wav]
[ecura.ie/wp-content/uploads/2024/10/340、肺a028.wav]
[ecura.ie/wp-content/uploads/2024/10/340、肺.wav]
[ecura.ie/wp-content/uploads/2024/10/341、铜5d7a.wav]
[ecura.ie/wp-content/uploads/2024/10/341、铜.wav]
[ecura.ie/wp-content/uploads/2024/10/342、脾51fb.wav]
[ecura.ie/wp-content/uploads/2024/10/342、脾.wav]
[ecura.ie/wp-content/uploads/2024/10/343、锡d220.wav]
[ecura.ie/wp-content/uploads/2024/10/343、锡.wav]
[ecura.ie/wp-content/uploads/2024/10/344、路26cc.wav]
[ecura.ie/wp-content/uploads/2024/10/344、路.wav]
[ecura.ie/wp-content/uploads/2024/10/345、肾ab57.wav]
[ecura.ie/wp-content/uploads/2024/10/345、肾.wav]
[ecura.ie/wp-content/uploads/2024/10/346、吞ab76.wav]
[ecura.ie/wp-content/uploads/2024/10/346、吞.wav]
[ecura.ie/wp-content/uploads/2024/10/347、磨ea6b.wav]
[ecura.ie/wp-content/uploads/2024/10/347、磨.wav]
[ecura.ie/wp-content/uploads/2024/10/348、盒7287.wav]
[ecura.ie/wp-content/uploads/2024/10/348、盒.wav]
[ecura.ie/wp-content/uploads/2024/10/349、人2493.wav]
[ecura.ie/wp-content/uploads/2024/10/349、人.wav]
[ecura.ie/wp-content/uploads/2024/10/350、份b536.wav]
[ecura.ie/wp-content/uploads/2024/10/350、份.wav]
[ecura.ie/wp-content/uploads/2024/10/351、少b0f5.wav]
[ecura.ie/wp-content/uploads/2024/10/351、少.wav]
[ecura.ie/wp-content/uploads/2024/10/352、垭口54ad.wav]
[ecura.ie/wp-content/uploads/2024/10/352、垭口.wav]
[ecura.ie/wp-content/uploads/2024/10/353、方位6a98.wav]
[ecura.ie/wp-content/uploads/2024/10/353、方位.wav]
[ecura.ie/wp-content/uploads/2024/10/354、乌鸦9e5a.wav]
[ecura.ie/wp-content/uploads/2024/10/354、乌鸦.wav]
[ecura.ie/wp-content/uploads/2024/10/356、粘ca90.wav]
[ecura.ie/wp-content/uploads/2024/10/354、乌鸦3ca3.wav]
[ecura.ie/wp-content/uploads/2024/10/356、粘.wav]
[ecura.ie/wp-content/uploads/2024/10/357、给予7334.wav]
[ecura.ie/wp-content/uploads/2024/10/357、给予.wav]
[ecura.ie/wp-content/uploads/2024/10/358、吃饱5a7f.wav]
[ecura.ie/wp-content/uploads/2024/10/358、吃饱.wav]
[ecura.ie/wp-content/uploads/2024/10/359、饱cf7b.wav]
[ecura.ie/wp-content/uploads/2024/10/359、饱.wav]
[ecura.ie/wp-content/uploads/2024/10/360、够43ff.wav]
[ecura.ie/wp-content/uploads/2024/10/360、够.wav]
[ecura.ie/wp-content/uploads/2024/10/361、高兴b9ca.wav]
[ecura.ie/wp-content/uploads/2024/10/361、高兴.wav]
[ecura.ie/wp-content/uploads/2024/10/362、鸟名3cce.wav]
[ecura.ie/wp-content/uploads/2024/10/362、鸟名.wav]
[ecura.ie/wp-content/uploads/2024/10/363、岩1075.wav]
[ecura.ie/wp-content/uploads/2024/10/363、岩.wav]
[ecura.ie/wp-content/uploads/2024/10/364、崖f390.wav]
[ecura.ie/wp-content/uploads/2024/10/364、崖.wav]
[ecura.ie/wp-content/uploads/2024/10/365、爬c6a0.wav]
[ecura.ie/wp-content/uploads/2024/10/365、爬.wav]
[ecura.ie/wp-content/uploads/2024/10/366、去4c68.wav]
[ecura.ie/wp-content/uploads/2024/10/366、去.wav]
[ecura.ie/wp-content/uploads/2024/10/367、竹鸡6f4e.wav]
[ecura.ie/wp-content/uploads/2024/10/367、竹鸡.wav]
[ecura.ie/wp-content/uploads/2024/10/368、林b21e.wav]
[ecura.ie/wp-content/uploads/2024/10/368、林.wav]
[ecura.ie/wp-content/uploads/2024/10/369、林36d4.wav]
[ecura.ie/wp-content/uploads/2024/10/369、林.wav]
[ecura.ie/wp-content/uploads/2024/10/370、刨df80.wav]
[ecura.ie/wp-content/uploads/2024/10/370、刨.wav]
[ecura.ie/wp-content/uploads/2024/10/371、野鸡d17e.wav]
[ecura.ie/wp-content/uploads/2024/10/371、野鸡.wav]
[ecura.ie/wp-content/uploads/2024/10/372、绕1450.wav]
[ecura.ie/wp-content/uploads/2024/10/372、绕.wav]
[ecura.ie/wp-content/uploads/2024/10/373、狼35e1.wav]
[ecura.ie/wp-content/uploads/2024/10/373、狼.wav]
[ecura.ie/wp-content/uploads/2024/10/374、挑cbe1.wav]
[ecura.ie/wp-content/uploads/2024/10/374、挑.wav]
[ecura.ie/wp-content/uploads/2024/10/375、去307e.wav]
[ecura.ie/wp-content/uploads/2024/10/375、去.wav]
[ecura.ie/wp-content/uploads/2024/10/376、画眉d4c1.wav]
[ecura.ie/wp-content/uploads/2024/10/376、画眉.wav]
[ecura.ie/wp-content/uploads/2024/10/377、棵7f32.wav]
[ecura.ie/wp-content/uploads/2024/10/377、棵.wav]
[ecura.ie/wp-content/uploads/2024/10/378、房屋53d8.wav]
[ecura.ie/wp-content/uploads/2024/10/378、房屋.wav]
[ecura.ie/wp-content/uploads/2024/10/379、间4387.wav]
[ecura.ie/wp-content/uploads/2024/10/379、间.wav]
[ecura.ie/wp-content/uploads/2024/10/380、蜂4628.wav]
[ecura.ie/wp-content/uploads/2024/10/380、蜂.wav]
[ecura.ie/wp-content/uploads/2024/10/381、姑娘d951.wav]
[ecura.ie/wp-content/uploads/2024/10/381、姑娘.wav]
[ecura.ie/wp-content/uploads/2024/10/382、喂.3f2910b.delayed]
[ecura.ie/wp-content/uploads/2024/10/382、喂.3f3.delayed]
[ecura.ie/wp-content/uploads/2024/10/383、腐烂7472.wav]
[ecura.ie/wp-content/uploads/2024/10/383、腐烂.wav]
[ecura.ie/wp-content/uploads/2024/10/384、发芽7dc6.wav]
[ecura.ie/wp-content/uploads/2024/10/384、发芽.wav]
[ecura.ie/wp-content/uploads/2024/10/385、寻找ff2c.wav]
[ecura.ie/wp-content/uploads/2024/10/385、寻找.wav]
[ecura.ie/wp-content/uploads/2024/10/386、鹰c7b4.wav]
[ecura.ie/wp-content/uploads/2024/10/386、鹰.wav]
[ecura.ie/wp-content/uploads/2024/10/387、翅7b4d.wav]
[ecura.ie/wp-content/uploads/2024/10/387、翅.wav]
[ecura.ie/wp-content/uploads/2024/10/388、展05f2.wav]
[ecura.ie/wp-content/uploads/2024/10/388、展.wav]
[ecura.ie/wp-content/uploads/2024/10/389、遮69c5.wav]
[ecura.ie/wp-content/uploads/2024/10/389、遮.wav]
[ecura.ie/wp-content/uploads/2024/10/390、熏e912.wav]
[ecura.ie/wp-content/uploads/2024/10/390、熏.wav]
[ecura.ie/wp-content/uploads/2024/10/391、晓360d.wav]
[ecura.ie/wp-content/uploads/2024/10/391、晓.wav]
[ecura.ie/wp-content/uploads/2024/10/392、知道9137.wav]
[ecura.ie/wp-content/uploads/2024/10/392、知道.wav]
[ecura.ie/wp-content/uploads/2024/10/393、请f74f.wav]
[ecura.ie/wp-content/uploads/2024/10/393、请.wav]
[ecura.ie/wp-content/uploads/2024/10/394、医e025.wav]
[ecura.ie/wp-content/uploads/2024/10/394、医.wav]
[ecura.ie/wp-content/uploads/2024/10/395、满872c.wav]
[ecura.ie/wp-content/uploads/2024/10/395、满.wav]
[ecura.ie/wp-content/uploads/2024/10/396、蛆730a.wav]
[ecura.ie/wp-content/uploads/2024/10/396、蛆.wav]
[ecura.ie/wp-content/uploads/2024/10/397、结9a67.wav]
[ecura.ie/wp-content/uploads/2024/10/397、结.wav]
[ecura.ie/wp-content/uploads/2024/10/398、跌d862.wav]
[ecura.ie/wp-content/uploads/2024/10/398、跌.wav]
[ecura.ie/wp-content/uploads/2024/10/399、损失9549.wav]
[ecura.ie/wp-content/uploads/2024/10/399、损失.wav]
[ecura.ie/wp-content/uploads/2024/10/400、这003e.wav]
[ecura.ie/wp-content/uploads/2024/10/400、这.wav]
[ecura.ie/wp-content/uploads/2024/10/401、急926a.wav]
[ecura.ie/wp-content/uploads/2024/10/401、急.wav]
[ecura.ie/wp-content/uploads/2024/10/402、麂子3cdd.wav]
[ecura.ie/wp-content/uploads/2024/10/402、麂子.wav]
[ecura.ie/wp-content/uploads/2024/10/403、胆cbca.wav]
[ecura.ie/wp-content/uploads/2024/10/403、胆.wav]
[ecura.ie/wp-content/uploads/2024/10/404、洗8093.wav]
[ecura.ie/wp-content/uploads/2024/10/404、洗.wav]
[ecura.ie/wp-content/uploads/2024/10/405、洗刷7887.wav]
[ecura.ie/wp-content/uploads/2024/10/405、洗刷.wav]
[ecura.ie/wp-content/uploads/2024/10/406、亮5880.wav]
[ecura.ie/wp-content/uploads/2024/10/406、亮.wav]
[ecura.ie/wp-content/uploads/2024/10/407、哪里4d9c.wav]
[ecura.ie/wp-content/uploads/2024/10/407、哪里.wav]
[ecura.ie/wp-includes/js/mediaelement/mediaelementplayer-legacy.min1f61.css]
[ecura.ie/wp-includes/js/mediaelement/wp-mediaelement.min9704.css]
[ecura.ie/wp-includes/js/mediaelement/mediaelement-and-player.min1f61.js]
[ecura.ie/wp-includes/js/mediaelement/mediaelement-migrate.min9704.js]
[ecura.ie/meige-based-yi-corpus/index.html]
[ecura.ie/wp-includes/js/mediaelement/wp-mediaelement.min9704.js]
[ecura.ie/wp-json/wp/v2/pages/4765.json]
[ecura.ie/wp-json/oembed/1.0/embed047d.json]
[ecura.ie/wp-json/oembed/1.0/embed2180]
[ecura.ie/wp-content/uploads/2024/10/1、嘴上_2024102423273-1230a.mp3]
[ecura.ie/wp-content/uploads/2024/10/1、嘴上_2024102423273-1.mp3]
[ecura.ie/wp-content/uploads/2024/10/2、不说_2024102423274-1e6f8.mp3]
[ecura.ie/wp-content/uploads/2024/10/2、不说_2024102423274-1.mp3]
[ecura.ie/wp-content/uploads/2024/10/3、心里（心头、心上）_2024102423275-14640.mp3]
[ecura.ie/wp-content/uploads/2024/10/3、心里（心头、心上）_2024102423275-1.mp3]
[ecura.ie/wp-content/uploads/2024/10/4、他（她）说_2024102423276-13161.mp3]
[ecura.ie/wp-content/uploads/2024/10/4、他（她）说_2024102423276-1.mp3]
[ecura.ie/wp-content/uploads/2024/10/6、就是_2024102423278-15f62.mp3]
[ecura.ie/wp-content/uploads/2024/10/4、他（她）说_2024102423276-1b90e.mp3]
[ecura.ie/wp-content/uploads/2024/10/6、就是_2024102423278-1.mp3]
[ecura.ie/wp-content/uploads/2024/10/7、家里（家中）_2024102423278-11884.mp3]
[ecura.ie/wp-content/uploads/2024/10/7、家里（家中）_2024102423278-1.mp3]
[ecura.ie/wp-content/uploads/2024/10/8、妹妹_2024102423279-1fa5c.mp3]
[ecura.ie/wp-content/uploads/2024/10/8、妹妹_2024102423279-1.mp3]
[ecura.ie/wp-content/uploads/2024/10/9、生辰八字_20241024232710-1cb89.mp3]
[ecura.ie/wp-content/uploads/2024/10/9、生辰八字_20241024232710-1.mp3]
[ecura.ie/wp-content/uploads/2024/10/10、现在（如今）_20241024232711-1de89.mp3]
[ecura.ie/wp-content/uploads/2024/10/10、现在（如今）_20241024232711-1.mp3]
[ecura.ie/wp-content/uploads/2024/10/11、半年_20241024232713-161ea.mp3]
[ecura.ie/wp-content/uploads/2024/10/11、半年_20241024232713-1.mp3]
[ecura.ie/wp-content/uploads/2024/10/12、一天_20241024232714-1c3f3.mp3]
[ecura.ie/wp-content/uploads/2024/10/12、一天_20241024232714-1.mp3]
[ecura.ie/wp-content/uploads/2024/10/13、我的母亲_20241024232715-1648a.mp3]
[ecura.ie/wp-content/uploads/2024/10/13、我的母亲_20241024232715-1.mp3]
[ecura.ie/wp-content/uploads/2024/10/14、请出来_20241024232716-1c46e.mp3]
[ecura.ie/wp-content/uploads/2024/10/14、请出来_20241024232716-1.mp3]
[ecura.ie/wp-content/uploads/2024/10/15、商议_20241024232718-1f515.mp3]
[ecura.ie/wp-content/uploads/2024/10/15、商议_20241024232718-1.mp3]
[ecura.ie/wp-content/uploads/2024/10/16、脸面_20241024232719-1e302.mp3]
[ecura.ie/wp-content/uploads/2024/10/16、脸面_20241024232719-1.mp3]
[ecura.ie/wp-content/uploads/2024/10/17、下坡_20241024232720-10d68.mp3]
[ecura.ie/wp-content/uploads/2024/10/17、下坡_20241024232720-1.mp3]
[ecura.ie/wp-content/uploads/2024/10/18、一阵阵_20241024232721-145f5.mp3]
[ecura.ie/wp-content/uploads/2024/10/18、一阵阵_20241024232721-1.mp3]
[ecura.ie/wp-content/uploads/2024/10/19、上坡_20241024232723-1fe0f.mp3]
[ecura.ie/wp-content/uploads/2024/10/19、上坡_20241024232723-1.mp3]
[ecura.ie/wp-content/uploads/2024/10/20、热闹_20241024232725-1507b.mp3]
[ecura.ie/wp-content/uploads/2024/10/20、热闹_20241024232725-1.mp3]
[ecura.ie/bai-multilingual-parallel-corpus/index.html]
[ecura.ie/wp-json/wp/v2/pages/3627.json]
[ecura.ie/wp-json/oembed/1.0/embed7b7b.json]
[ecura.ie/wp-json/oembed/1.0/embed82a2]
[ecura.ie/wp-content/uploads/2024/08/image-14.png]
[ecura.ie/wp-content/uploads/2024/08/image-40.png]
[ecura.ie/wp-content/uploads/2024/08/image-43-1024x598.png]
[ecura.ie/intellectual-property-and-copyright-2/index.html]
[ecura.ie/wp-json/wp/v2/pages/652.json]
[ecura.ie/wp-json/oembed/1.0/embed4c77.json]
[ecura.ie/wp-json/oembed/1.0/embed752a]
[ecura.ie/description-of-the-action/index.html]
[ecura.ie/wp-content/uploads/2022/12/ecura.mp4]
[ecura.ie/wp-json/wp/v2/pages/2704.json]
[ecura.ie/wp-json/oembed/1.0/embed62dd.json]
[ecura.ie/wp-json/oembed/1.0/embed7263]
[ecura.ie/meige-performances-on-chinas-tv-programs/index.html]
[ecura.ie/2586-2/index.html]
[ecura.ie/wp-json/wp/v2/pages/3261.json]
[ecura.ie/child-meige-performance-in-cctvs-china-in-intangible-cultural-heritage-annual-gala/index.html]
[ecura.ie/2720-2/index.html]
[ecura.ie/wp-json/oembed/1.0/embed7964.json]
[ecura.ie/wp-json/oembed/1.0/embed48fd]
[ecura.ie/wp-content/uploads/2024/06/image-2.png]
[ecura.ie/wp-content/uploads/2024/06/image-3.png]
[ecura.ie/wp-content/uploads/2024/06/image-5.png]
[ecura.ie/wp-content/uploads/2024/06/image-6.png]
[ecura.ie/bai-cultural-revival-activities/index.html]
[ecura.ie/index226e.html]
[ecura.ie/3655-2/index.html]
[ecura.ie/wp-json/wp/v2/pages/2769.json]
[ecura.ie/wp-json/oembed/1.0/embed52bd.json]
[ecura.ie/wp-json/oembed/1.0/embed9792]
[ecura.ie/wp-content/uploads/2024/02/xiaohai-new-village1-887x1024.jpg]
[ecura.ie/wp-content/uploads/2024/03/e17dad15c0dcb31dac40ae0062c5ecb3-1024x768.jpg]
[ecura.ie/wp-content/uploads/2024/02/xiaohai-new-village4-1.jpg]
[ecura.ie/wp-content/uploads/2024/02/IMG_1565-1024x707.jpg]
[ecura.ie/wp-content/uploads/2024/02/266798bb4ab57784f197cfdb325248a5-1-1024x768.jpg]
[ecura.ie/wp-content/uploads/2024/07/WechatIMG1633.jpg]
[ecura.ie/wp-content/uploads/2024/07/WechatIMG680-1024x768.jpg]
[ecura.ie/wp-content/uploads/2024/09/image-9.png]
[ecura.ie/wp-content/uploads/2024/11/image.jpg]
[ecura.ie/wp-content/uploads/2024/11/image-1024x1024.png]
[ecura.ie/xiaohai-new-village/index.html]
[ecura.ie/wp-json/wp/v2/pages/1737.json]
[ecura.ie/wp-json/oembed/1.0/embed49e8.json]
[ecura.ie/wp-json/oembed/1.0/embed05a0]
[ecura.ie/wp-content/uploads/2023/09/WechatIMG875-1-684x1024.jpg]
[ecura.ie/dr-jin-dai/index.html]
[ecura.ie/wp-json/wp/v2/pages/1766.json]
[ecura.ie/wp-json/oembed/1.0/embed90f2.json]
[ecura.ie/wp-json/oembed/1.0/embeda4d5]
[ecura.ie/wp-content/uploads/2023/10/Weixin-Image_20231006001747-886x1024.jpg]
[ecura.ie/keyi-liu/index.html]
[ecura.ie/wp-json/wp/v2/pages/275.json]
[ecura.ie/wp-json/oembed/1.0/embed67ea.json]
[ecura.ie/wp-json/oembed/1.0/embede876]
[ecura.ie/wp-content/uploads/2023/01/WeChat-Image_20230107154852-741x1024.jpg]
[ecura.ie/xiaoyao-liu/index.html]
[ecura.ie/wp-json/wp/v2/pages/2550.json]
[ecura.ie/wp-json/oembed/1.0/embed04f0.json]
[ecura.ie/wp-json/oembed/1.0/embeda0cd]
[ecura.ie/wp-content/uploads/2024/02/05357e4f677cf4b47e22d55ea1453045-768x1024.jpg]
[ecura.ie/yalun-yang/index.html]
[ecura.ie/2024/08/29/collaborative-communities/feed/index.html]
[ecura.ie/wp-json/wp/v2/posts/3909.json]
[ecura.ie/wp-json/oembed/1.0/embedd12f.json]
[ecura.ie/wp-json/oembed/1.0/embedf676]
[ecura.ie/wp-includes/js/comment-reply.min9704.js]
[ecura.ie/2024/08/29/collaborative-communities/index.html]
[ecura.ie/author/ecura/index.html]
[ecura.ie/wp-json/wp/v2/pages/507.json]
[ecura.ie/wp-json/oembed/1.0/embed057b.json]
[ecura.ie/ecura-research-project-part-2/index.html]
[ecura.ie/wp-json/oembed/1.0/embed9f85]
[ecura.ie/wp-content/uploads/2022/12/image.png]
[ecura.ie/2022/12/03/ecura-research-project-part-2/index.html]
[ecura.ie/ecura-research-project-part-1/index.html]
[ecura.ie/2022/11/11/ecura1/feed/index.html]
[ecura.ie/wp-json/wp/v2/posts/1.json]
[ecura.ie/wp-json/oembed/1.0/embedf29e.json]
[ecura.ie/wp-json/oembed/1.0/embedce0a]
[ecura.ie/2022/11/11/ecura1/index.html]
[ecura.ie/2022/11/11/ecura1/index6809.html]
[ecura.ie/wp-content/themes/business-carter/assets/images/default-header.jpg]
[ecura.ie/2024/08/index.html]
[ecura.ie/2022/12/index.html]
[ecura.ie/2022/11/index.html]
[ecura.ie/wp-json/wp/v2/categories/1.json]
[ecura.ie/category/uncategorized/index.html]
[ecura.ie/category/uncategorized/feed/index.html]
[ecura.ie/wp-content/themes/business-carter/assets/webfonts/fa-brands-400.svg]
[ecura.ie/wp-content/themes/business-carter/assets/webfonts/fa-regular-400.svg]
[ecura.ie/wp-content/themes/business-carter/assets/webfonts/fa-solid-900.svg]
[ecura.ie/wp-content/themes/business-carter/assets/fonts/slick.svg]
[ecura.ie/indexc9fb.html]
[ecura.ie/wp-json/wp/v2/pages/4337.json]
[ecura.ie/wp-json/oembed/1.0/embed5b13.json]
[ecura.ie/wp-json/oembed/1.0/embedd531]
[ecura.ie/wp-content/uploads/2022/12/Bulang-singer-Yang-Zijun-crop-373x1024.jpg]
[ecura.ie/wp-content/uploads/2022/12/Tune-of-Horse-Caravan-Bulang-Yang-Ziju.mp3]
[ecura.ie/wp-content/uploads/2022/12/performance-at-Yunnan-yingxiang-theatre.qt]
[ecura.ie/other-musical-landscape/index.html]
[ecura.ie/indexb140.html]
[ecura.ie/wp-content/uploads/2022/12/‘Hani-folk-tune-Chen-Xialing.mp4]
[ecura.ie/wp-content/uploads/2022/12/Hani-women-singing-love-song-Qidieshangzhai.qt]
[ecura.ie/wp-content/uploads/2022/12/local-people-singing-in-the-terraced-fields.qt]
[ecura.ie/wp-content/uploads/2022/12/Hani-musician-singing-marriage-song-Jinhe-county.mp4]
[ecura.ie/wp-content/uploads/2022/12/Hani-song-Offer-Sacrifices-to-the-Ancestor-of-tree.mp4]
[ecura.ie/indexebff.html]
[ecura.ie/wp-content/uploads/2022/12/Ex.-18-‘Ba-gua-4.mp4]
[ecura.ie/wp-content/uploads/2022/12/Ex.-17-‘Naxi-Marriage-Song.qt]
[ecura.ie/wp-content/uploads/2022/12/Naxi_musician_He_Yueyuan_AdobeExpress.mp4]
[ecura.ie/wp-content/uploads/2022/12/Naxi-hulusheng-player.mp4]
[ecura.ie/index5589.html]
[ecura.ie/wp-content/uploads/2022/12/Yang-Feng-revised.mp4]
[ecura.ie/wp-content/uploads/2022/12/Yi_musicians_from_Chegu_performing_drum_dance_AdobeExpress.mp4]
[ecura.ie/indexb302.html]
[ecura.ie/index585c.html]
[ecura.ie/index382a.html]
[ecura.ie/index6c1e.html]
[ecura.ie/index94b0.html]
[ecura.ie/wp-content/uploads/2024/10/一起来跳脚_202410250758.mp4]
[ecura.ie/wp-content/uploads/2022/12/Mayou-village-Meige-singing.mp4]
[ecura.ie/wp-content/uploads/2022/12/Mayou-Hulusheng-performance.qt]
[ecura.ie/wp-content/uploads/2024/01/罗文辉-梅葛-情歌-1.mp4]
[ecura.ie/index5e74.html]
[ecura.ie/index03c0.html]
[ecura.ie/wp-content/uploads/2024/10/小水井合唱团——莱咕哩-1.mp4]
[ecura.ie/wp-content/uploads/2024/10/image-7-794x1024.png]
[ecura.ie/wp-content/uploads/2024/10/image-8-867x1024.png]
[ecura.ie/wp-content/uploads/2024/10/image-9-869x1024.png]
[ecura.ie/wp-content/uploads/2024/10/image-10-768x1024.png]
[ecura.ie/wp-content/uploads/2023/04/Picking-up-the-bride-1.mp4]
[ecura.ie/wp-content/uploads/2023/04/Sing-by-Relatives-1-1.qt]
[ecura.ie/wp-content/uploads/2023/04/The-Witness-Song.qt]
[ecura.ie/wp-content/uploads/2024/06/昭通小孩子看视频学英文.mp4]
[ecura.ie/xiaoshuijing-village-2/index.html]
[ecura.ie/index9471.html]
[ecura.ie/index8e4c.html]
[ecura.ie/indexdfc2.html]
[ecura.ie/wp-content/uploads/2024/04/起凤村2024年春节迎接本土神.mp4]
[ecura.ie/wp-content/uploads/2024/03/6_raw.mp4]
[ecura.ie/wp-content/uploads/2024/03/群体轮流对唱-1.mp4]
[ecura.ie/index039c.html]
[ecura.ie/indexd4ec.html]
[ecura.ie/indexd632.html]
[ecura.ie/wp-json/wp/v2/pages/3735.json]
[ecura.ie/wp-json/oembed/1.0/embed5eaf.json]
[ecura.ie/wp-json/oembed/1.0/embed848f]
[ecura.ie/wp-content/uploads/2024/08/WechatIMG1997-1.jpg]
[ecura.ie/wp-content/uploads/2024/08/Screenshot-2024-08-27-at-15.49.38-781x1024.png]
[ecura.ie/yi-language-dialect-areas-and-the-standardization-of-yi-script/index.html]
[ecura.ie/three-pathways-of-effort-in-developing-yi-script-information-processing/index204e.html]
[ecura.ie/wp-json/wp/v2/pages/3288.json]
[ecura.ie/wp-json/oembed/1.0/embed5a6a.json]
[ecura.ie/wp-json/oembed/1.0/embedabc0]
[ecura.ie/wp-content/uploads/2024/06/image-10.png]
[ecura.ie/wp-content/uploads/2024/06/image-11.png]
[ecura.ie/wp-content/uploads/2024/06/image-12.png]
[ecura.ie/wp-content/uploads/2024/06/image-13.png]
[ecura.ie/wp-content/uploads/2024/06/image-14.png]
[ecura.ie/letters-pronunciation-and-tones-of-the-pollard-script/index.html]
[ecura.ie/wp-json/wp/v2/pages/3318.json]
[ecura.ie/wp-json/oembed/1.0/embed3bcf.json]
[ecura.ie/wp-json/oembed/1.0/embed6a73]
[ecura.ie/wp-content/uploads/2024/06/image-17.png]
[ecura.ie/wp-content/uploads/2024/06/image-18.png]
[ecura.ie/wp-content/uploads/2024/06/image-19.png]
[ecura.ie/wp-content/uploads/2024/06/image-20.png]
[ecura.ie/wp-content/uploads/2024/06/image-21.png]
[ecura.ie/wp-content/uploads/2024/06/image-22.png]
[ecura.ie/wp-content/uploads/2024/06/image-23.png]
[ecura.ie/wp-content/uploads/2024/06/image-26.png]
[ecura.ie/wp-content/uploads/2024/06/image-27.png]
[ecura.ie/wp-content/uploads/2024/06/image-28.png]
[ecura.ie/wp-content/uploads/2024/06/image-29.png]
[ecura.ie/wp-content/uploads/2024/06/image-30.png]
[ecura.ie/wp-content/uploads/2024/06/image-31.png]
[ecura.ie/wp-content/uploads/2024/06/image-32.png]
[ecura.ie/wp-content/uploads/2024/06/image-33.png]
[ecura.ie/wp-content/uploads/2024/06/image-34.png]
[ecura.ie/wp-content/uploads/2024/06/image-35.png]
[ecura.ie/wp-content/uploads/2024/06/image-36.png]
[ecura.ie/wp-content/uploads/2024/06/image-37.png]
[ecura.ie/wp-content/uploads/2024/06/image-38.png]
[ecura.ie/wp-content/uploads/2024/06/image-39.png]
[ecura.ie/wp-content/uploads/2024/06/image-40.png]
[ecura.ie/wp-content/uploads/2024/06/image-41.png]
[ecura.ie/wp-content/uploads/2024/06/image-42.png]
[ecura.ie/wp-content/uploads/2024/06/image-43.png]
[ecura.ie/wp-content/uploads/2024/06/image-44.png]
[ecura.ie/wp-content/uploads/2024/06/image-45.png]
[ecura.ie/wp-content/uploads/2024/06/image-46.png]
[ecura.ie/wp-content/uploads/2024/06/image-47.png]
[ecura.ie/wp-content/uploads/2024/06/image-48.png]
[ecura.ie/miao-musical-notation/index.html]
[ecura.ie/wp-json/wp/v2/pages/3424.json]
[ecura.ie/wp-json/oembed/1.0/embedd828.json]
[ecura.ie/wp-json/oembed/1.0/embed3774]
[ecura.ie/wp-content/uploads/2024/06/image-49.png]
[ecura.ie/wp-content/uploads/2024/06/image-50.png]
[ecura.ie/wp-content/uploads/2024/06/image-51.png]
[ecura.ie/wp-content/uploads/2024/06/image-52.png]
[ecura.ie/wp-content/uploads/2024/06/image-53.png]
[ecura.ie/wp-content/uploads/2024/06/image-54.png]
[ecura.ie/wp-content/uploads/2024/06/image-55.png]
[ecura.ie/wp-content/uploads/2024/06/image-56.png]
[ecura.ie/wp-content/uploads/2024/06/image-58.png]
[ecura.ie/wp-content/uploads/2024/06/image-59.png]
[ecura.ie/wp-content/uploads/2024/06/image-60.png]
[ecura.ie/wp-content/uploads/2024/06/image-61.png]
[ecura.ie/wp-content/uploads/2024/06/image-62.png]
[ecura.ie/wp-content/uploads/2024/06/image-63.png]
[ecura.ie/wp-content/uploads/2024/06/image-65.png]
[ecura.ie/wp-content/uploads/2024/06/image-66.png]
[ecura.ie/wp-content/uploads/2024/06/image-67.png]
[ecura.ie/wp-content/uploads/2024/06/image-68.png]
[ecura.ie/wp-content/uploads/2024/06/image-69.png]
[ecura.ie/wp-content/uploads/2024/06/image-70.png]
[ecura.ie/miao-musical-notation-part-2/index.html]
[ecura.ie/wp-json/wp/v2/pages/3475.json]
[ecura.ie/wp-json/oembed/1.0/embedbe0e.json]
[ecura.ie/wp-json/oembed/1.0/embed7248]
[ecura.ie/wp-content/uploads/2024/06/image-71.png]
[ecura.ie/wp-content/uploads/2024/06/image-72.png]
[ecura.ie/wp-content/uploads/2024/06/image-73.png]
[ecura.ie/wp-content/uploads/2024/06/image-74.png]
[ecura.ie/wp-content/uploads/2024/06/image-75.png]
[ecura.ie/wp-content/uploads/2024/06/image-76.png]
[ecura.ie/wp-content/uploads/2024/06/image-77.png]
[ecura.ie/wp-content/uploads/2024/06/image-79.png]
[ecura.ie/wp-content/uploads/2024/06/image-80.png]
[ecura.ie/wp-content/uploads/2024/06/image-81.png]
[ecura.ie/wp-content/uploads/2024/06/image-82.png]
[ecura.ie/wp-content/uploads/2024/06/image-83.png]
[ecura.ie/wp-content/uploads/2024/06/image-84.png]
[ecura.ie/wp-content/uploads/2024/06/image-85.png]
[ecura.ie/wp-content/uploads/2024/06/image-86.png]
[ecura.ie/wp-content/uploads/2024/06/image-87.png]
[ecura.ie/wp-content/uploads/2024/06/image-88.png]
[ecura.ie/wp-content/uploads/2024/06/image-89.png]
[ecura.ie/wp-content/uploads/2024/06/image-90.png]
[ecura.ie/wp-content/uploads/2024/06/image-91.png]
[ecura.ie/wp-content/uploads/2024/06/image-92.png]
[ecura.ie/wp-content/uploads/2024/06/image-93.png]
[ecura.ie/wp-content/uploads/2024/06/image-95.png]
[ecura.ie/wp-content/uploads/2024/06/image-96.png]
[ecura.ie/wp-content/uploads/2024/06/image-97.png]
[ecura.ie/wp-content/uploads/2024/06/image-98.png]
[ecura.ie/wp-content/uploads/2024/06/image-99.png]
[ecura.ie/wp-content/uploads/2024/06/image-102.png]
[ecura.ie/wp-content/uploads/2024/06/image-103.png]
[ecura.ie/wp-content/uploads/2024/06/image-104.png]
[ecura.ie/wp-content/uploads/2024/06/image-105.png]
[ecura.ie/wp-content/uploads/2024/06/image-106.png]
[ecura.ie/wp-content/uploads/2024/06/image-107.png]
[ecura.ie/wp-content/uploads/2024/06/image-108.png]
[ecura.ie/miao-musical-notation-related-terminology/index.html]
[ecura.ie/wp-json/wp/v2/pages/3527.json]
[ecura.ie/wp-json/oembed/1.0/embed3d30.json]
[ecura.ie/wp-json/oembed/1.0/embedaaab]
[ecura.ie/wp-content/uploads/2024/06/image-110.png]
[ecura.ie/wp-content/uploads/2024/06/image-111.png]
[ecura.ie/summary-of-miao-musical-notation/index.html]
[ecura.ie/wp-json/wp/v2/pages/3805.json]
[ecura.ie/wp-json/oembed/1.0/embed24cf.json]
[ecura.ie/wp-json/oembed/1.0/embedfaff]
[ecura.ie/wp-content/uploads/2024/08/image-15.png]
[ecura.ie/wp-content/uploads/2024/08/image-16.png]
[ecura.ie/wp-content/uploads/2024/08/image-17.png]
[ecura.ie/wp-content/uploads/2024/08/image-18.png]
[ecura.ie/wp-content/uploads/2024/08/image-19.png]
[ecura.ie/wp-content/uploads/2024/08/image-20.png]
[ecura.ie/wp-content/uploads/2024/08/image-21.png]
[ecura.ie/wp-content/uploads/2024/08/image-22.png]
[ecura.ie/wp-content/uploads/2024/08/image-23.png]
[ecura.ie/wp-content/uploads/2024/08/image-25.png]
[ecura.ie/wp-content/uploads/2024/08/image-26.png]
[ecura.ie/wp-content/uploads/2024/08/image-27.png]
[ecura.ie/wp-content/uploads/2024/08/image-28.png]
[ecura.ie/wp-content/uploads/2024/08/image-29.png]
[ecura.ie/wp-content/uploads/2024/08/image-30.png]
[ecura.ie/wp-content/uploads/2024/08/image-31.png]
[ecura.ie/wp-content/uploads/2024/08/image-32.png]
[ecura.ie/wp-content/uploads/2024/08/image-33.png]
[ecura.ie/wp-content/uploads/2024/08/image-34.png]
[ecura.ie/wp-content/uploads/2024/08/image-35.png]
[ecura.ie/wp-content/uploads/2024/08/image-36.png]
[ecura.ie/wp-content/uploads/2024/08/image-37.png]
[ecura.ie/wp-content/uploads/2024/08/image-38.png]
[ecura.ie/audiovisual-self-representation-via-wechat-a-report-on-minority-music-in-yunnan-province-china/index.html]
[ecura.ie/indexc4ea.html]
[ecura.ie/indexae51.html]
[ecura.ie/wp-content/uploads/2024/09/90.肉3dd4.wav]
[ecura.ie/wp-content/uploads/2024/09/90.肉.wav]
[ecura.ie/wp-content/uploads/2024/09/91.红7b2d.wav]
[ecura.ie/wp-content/uploads/2024/09/92a.土07e1.wav]
[ecura.ie/wp-content/uploads/2024/09/92a.土.wav]
[ecura.ie/wp-content/uploads/2024/09/93a.成1f84.wav]
[ecura.ie/wp-content/uploads/2024/09/93a.成.wav]
[ecura.ie/wp-content/uploads/2024/09/137、九9aa3.wav]
[ecura.ie/wp-content/uploads/2024/09/137、九.wav]
[ecura.ie/wp-content/uploads/2024/09/276、铁ec7d.wav]
[ecura.ie/wp-content/uploads/2024/09/276、铁.wav]
[ecura.ie/wp-content/uploads/2024/10/316、膀9350.wav]
[ecura.ie/wp-content/uploads/2024/10/316、膀.wav]
[ecura.ie/wp-content/uploads/2024/10/340、肺a028.wav]
[ecura.ie/wp-content/uploads/2024/10/340、肺.wav]
[ecura.ie/wp-content/uploads/2024/10/341、铜5d7a.wav]
[ecura.ie/wp-content/uploads/2024/10/341、铜.wav]
[ecura.ie/wp-content/uploads/2024/10/382、喂910b.html]
[ecura.ie/wp-content/uploads/2024/10/382、喂.html]
[ecura.ie/wp-content/uploads/2024/10/406、亮5880.wav]
[ecura.ie/wp-content/uploads/2024/10/406、亮.wav]
[ecura.ie/wp-includes/js/mediaelement/mejs-controls.svg]
[ecura.ie/wp-includes/js/mediaelement/mediaelementplayer-legacy.min1f61.css]
[ecura.ie/wp-includes/js/mediaelement/wp-mediaelement.min9704.css]
[ecura.ie/indexd41f.html]
[ecura.ie/index3049.html]
[ecura.ie/index47dc.html]
[ecura.ie/index8bb4.html]
[ecura.ie/wp-json/wp/v2/pages/2573.json]
[ecura.ie/wp-json/oembed/1.0/embed76a7.json]
[ecura.ie/wp-json/oembed/1.0/embedc535]
[ecura.ie/wp-content/uploads/2024/02/【纯享】山人乐队、梅葛童谣班演唱《挖木啦》聆听悠扬深沉的彝族梅葛调-_-CCTV「非遗里的中国」.mp4]
[ecura.ie/wp-content/uploads/2024/02/Screenshot-2024-02-13-at-15.18.59-1024x583.png]
[ecura.ie/wp-content/uploads/2024/02/Screenshot-2024-02-13-at-15.18.38-1024x582.png]
[ecura.ie/wp-content/uploads/2024/02/Screenshot-2024-02-13-at-15.41.59-1024x589.png]
[ecura.ie/child-meige-performance-in-cctvs-china-in-intangible-cultural-heritage-annual-gala/index.html]
[ecura.ie/wp-json/wp/v2/pages/2586.json]
[ecura.ie/wp-json/oembed/1.0/embedcc1b.json]
[ecura.ie/wp-json/oembed/1.0/embed20fe]
[ecura.ie/wp-content/uploads/2024/02/1707739224313_0-1.mp4]
[ecura.ie/wp-content/uploads/2024/02/非遗里的中国《和美之音》-演唱：周丽珍-罗文辉-罗荣秀-等_-CCTV.mp4]
[ecura.ie/2586-2/index.html]
[ecura.ie/wp-json/wp/v2/pages/2720.json]
[ecura.ie/wp-json/oembed/1.0/embeda21d.json]
[ecura.ie/wp-json/oembed/1.0/embed720f]
[ecura.ie/wp-content/uploads/2024/02/1708032539386_0.mp4]
[ecura.ie/2720-2/index.html]
[ecura.ie/indexc067.html]
[ecura.ie/wp-json/wp/v2/pages/3655.json]
[ecura.ie/wp-json/oembed/1.0/embedfd86.json]
[ecura.ie/wp-json/oembed/1.0/embed65e1]
[ecura.ie/wp-content/uploads/2024/08/image-1024x768.png]
[ecura.ie/wp-content/uploads/2024/08/image-1-1024x677.png]
[ecura.ie/wp-content/uploads/2024/08/image-2-1024x768.png]
[ecura.ie/wp-content/uploads/2024/08/image-5-1024x768.png]
[ecura.ie/wp-content/uploads/2024/08/image-4-1024x576.png]
[ecura.ie/3655-2/index.html]
[ecura.ie/indexd172.html]
[ecura.ie/indexb463.html]
[ecura.ie/indexf770.html]
[ecura.ie/index0b1f.html]
[ecura.ie/index100d.html]
[ecura.ie/xmlrpc.html]
[ecura.ie/indexddc2.html]
[ecura.ie/author/ecura/index.html]
[ecura.ie/ecura-research-project-part-2/index.html]
[ecura.ie/indexcfe8.html]
[ecura.ie/author/ecura/feed/index.html]
[ecura.ie/wp-json/wp/v2/pages/502.json]
[ecura.ie/wp-json/oembed/1.0/embed4dfc.json]
[ecura.ie/wp-json/oembed/1.0/embed1ed2]
[ecura.ie/ecura-research-project-part-1/index.html]
[ecura.ie/indexcff1.html]
[ecura.ie/2022/11/11/ecura1/index6809.html]
[ecura.ie/index1916.html]
[ecura.ie/wp-content/uploads/2022/12/Hani-women-singing-love-song-Qidieshangzhai.qt]
[ecura.ie/wp-content/uploads/2022/12/‘Hani-folk-tune-Chen-Xialing.mp4]
[ecura.ie/wp-content/uploads/2022/12/Hani-musician-singing-marriage-song-Jinhe-county.mp4]
[ecura.ie/wp-content/uploads/2022/12/Ex.-18-‘Ba-gua-4.mp4]
[ecura.ie/wp-content/uploads/2022/12/Ex.-17-‘Naxi-Marriage-Song.qt]
[ecura.ie/wp-content/uploads/2022/12/Naxi_musician_He_Yueyuan_AdobeExpress.mp4]
[ecura.ie/wp-content/uploads/2022/12/Yang-Feng-revised.mp4]
[ecura.ie/wp-content/uploads/2024/10/一起来跳脚_202410250758.mp4]
[ecura.ie/wp-content/uploads/2022/12/Mayou-village-Meige-singing.mp4]
[ecura.ie/wp-content/uploads/2022/12/Mayou-Hulusheng-performance.qt]
[ecura.ie/wp-json/wp/v2/pages/4571]
[ecura.ie/wp-json/oembed/1.0/embed0c9e]
[ecura.ie/wp-json/oembed/1.0/embed294b]
[ecura.ie/wp-content/uploads/2024/10/image-2-606x1024.png]
[ecura.ie/wp-content/uploads/2024/10/image-3.png]
[ecura.ie/wp-content/uploads/2024/10/image-4-768x1024.png]
[ecura.ie/wp-content/uploads/2024/10/image-5.png]
[ecura.ie/wp-content/uploads/2024/10/小水井合唱团——亨德尔-大灾、诞降.mp4]
[ecura.ie/index1cda.html]
[ecura.ie/index9cbf.html]
[ecura.ie/miao-musical-notation-2/index.html]
[ecura.ie/wp-content/uploads/2023/04/Sing-by-Relatives-1-1.qt]
[ecura.ie/wp-content/uploads/2023/04/The-Witness-Song.qt]
[ecura.ie/wp-content/uploads/2024/03/群体轮流对唱-1.mp4]
[ecura.ie/index4ddf.html]
[ecura.ie/index9a09.html]
[ecura.ie/index4677.html]
[ecura.ie/indexe4af.html]
[ecura.ie/index8e05.html]
[ecura.ie/indexcaf8.html]
[ecura.ie/indexd775.html]
[ecura.ie/wp-includes/js/mediaelement/mejs-controls.svg]
[ecura.ie/index8cd0.html]
[ecura.ie/indexb9ab.html]
[ecura.ie/index546c.html]
[ecura.ie/index2af3.html]
[ecura.ie/wp-json/wp/v2/users/1.html]
[ecura.ie/indexda6e.html]
[ecura.ie/indexf8e5.html]
[ecura.ie/wp-json/wp/v2/pages/3421.json]
[ecura.ie/wp-json/oembed/1.0/embedb056.json]
[ecura.ie/wp-json/oembed/1.0/embed82ff]
[ecura.ie/miao-musical-notation-2/index.html]
[ecura.ie/index5e48.html]
[ecura.ie/wp-content/uploads/2023/04/The-Witness-Song.qt]
